Archive member included to satisfy reference by file (symbol)

/home/hung382/MET/drivers/crypto/lib/libcrypto.a(aes.o)
                              out/cmac.o (aes_init)
/usr/lib/gcc/arm-none-eabi/9.2.1/thumb/v7e-m/nofp/libgcc.a(_arm_muldf3.o)
                              out/printf-stdarg.o (__aeabi_dmul)
/usr/lib/gcc/arm-none-eabi/9.2.1/thumb/v7e-m/nofp/libgcc.a(_arm_addsubdf3.o)
                              out/printf-stdarg.o (__aeabi_dsub)
/usr/lib/gcc/arm-none-eabi/9.2.1/thumb/v7e-m/nofp/libgcc.a(_arm_muldivdf3.o)
                              out/printf-stdarg.o (__aeabi_ddiv)
/usr/lib/gcc/arm-none-eabi/9.2.1/thumb/v7e-m/nofp/libgcc.a(_arm_cmpdf2.o)
                              out/printf-stdarg.o (__aeabi_dcmpeq)
/usr/lib/gcc/arm-none-eabi/9.2.1/thumb/v7e-m/nofp/libgcc.a(_arm_fixdfsi.o)
                              out/printf-stdarg.o (__aeabi_d2iz)
/usr/lib/gcc/arm-none-eabi/9.2.1/thumb/v7e-m/nofp/libgcc.a(_arm_fixunsdfsi.o)
                              out/printf-stdarg.o (__aeabi_d2uiz)
/usr/lib/gcc/arm-none-eabi/9.2.1/thumb/v7e-m/nofp/libgcc.a(_aeabi_uldivmod.o)
                              out/printf-stdarg.o (__aeabi_uldivmod)
/usr/lib/gcc/arm-none-eabi/9.2.1/thumb/v7e-m/nofp/libgcc.a(_fixunsdfdi.o)
                              out/rtc-board.o (__aeabi_d2ulz)
/usr/lib/gcc/arm-none-eabi/9.2.1/thumb/v7e-m/nofp/libgcc.a(_udivmoddi4.o)
                              /usr/lib/gcc/arm-none-eabi/9.2.1/thumb/v7e-m/nofp/libgcc.a(_aeabi_uldivmod.o) (__udivmoddi4)
/usr/lib/gcc/arm-none-eabi/9.2.1/thumb/v7e-m/nofp/libgcc.a(_dvmd_tls.o)
                              /usr/lib/gcc/arm-none-eabi/9.2.1/thumb/v7e-m/nofp/libgcc.a(_aeabi_uldivmod.o) (__aeabi_ldiv0)
/usr/lib/gcc/arm-none-eabi/9.2.1/../../../arm-none-eabi/lib/thumb/v7e-m/nofp/libc.a(lib_a-atexit.o)
                              /usr/lib/gcc/arm-none-eabi/9.2.1/../../../arm-none-eabi/lib/thumb/v7e-m/nofp/crt0.o (atexit)
/usr/lib/gcc/arm-none-eabi/9.2.1/../../../arm-none-eabi/lib/thumb/v7e-m/nofp/libc.a(lib_a-exit.o)
                              /usr/lib/gcc/arm-none-eabi/9.2.1/../../../arm-none-eabi/lib/thumb/v7e-m/nofp/crt0.o (exit)
/usr/lib/gcc/arm-none-eabi/9.2.1/../../../arm-none-eabi/lib/thumb/v7e-m/nofp/libc.a(lib_a-fini.o)
                              /usr/lib/gcc/arm-none-eabi/9.2.1/../../../arm-none-eabi/lib/thumb/v7e-m/nofp/crt0.o (__libc_fini_array)
/usr/lib/gcc/arm-none-eabi/9.2.1/../../../arm-none-eabi/lib/thumb/v7e-m/nofp/libc.a(lib_a-impure.o)
                              /usr/lib/gcc/arm-none-eabi/9.2.1/../../../arm-none-eabi/lib/thumb/v7e-m/nofp/libc.a(lib_a-exit.o) (_global_impure_ptr)
/usr/lib/gcc/arm-none-eabi/9.2.1/../../../arm-none-eabi/lib/thumb/v7e-m/nofp/libc.a(lib_a-init.o)
                              /usr/lib/gcc/arm-none-eabi/9.2.1/../../../arm-none-eabi/lib/thumb/v7e-m/nofp/crt0.o (__libc_init_array)
/usr/lib/gcc/arm-none-eabi/9.2.1/../../../arm-none-eabi/lib/thumb/v7e-m/nofp/libc.a(lib_a-memcpy.o)
                              out/pingpong.o (memcpy)
/usr/lib/gcc/arm-none-eabi/9.2.1/../../../arm-none-eabi/lib/thumb/v7e-m/nofp/libc.a(lib_a-memset.o)
                              /usr/lib/gcc/arm-none-eabi/9.2.1/../../../arm-none-eabi/lib/thumb/v7e-m/nofp/crt0.o (memset)
/usr/lib/gcc/arm-none-eabi/9.2.1/../../../arm-none-eabi/lib/thumb/v7e-m/nofp/libc.a(lib_a-strncmp.o)
                              out/pingpong.o (strncmp)
/usr/lib/gcc/arm-none-eabi/9.2.1/../../../arm-none-eabi/lib/thumb/v7e-m/nofp/libc.a(lib_a-__atexit.o)
                              /usr/lib/gcc/arm-none-eabi/9.2.1/../../../arm-none-eabi/lib/thumb/v7e-m/nofp/libc.a(lib_a-atexit.o) (__register_exitproc)
/usr/lib/gcc/arm-none-eabi/9.2.1/../../../arm-none-eabi/lib/thumb/v7e-m/nofp/libc.a(lib_a-__call_atexit.o)
                              /usr/lib/gcc/arm-none-eabi/9.2.1/../../../arm-none-eabi/lib/thumb/v7e-m/nofp/libc.a(lib_a-exit.o) (__call_exitprocs)
/usr/lib/gcc/arm-none-eabi/9.2.1/../../../arm-none-eabi/lib/thumb/v7e-m/nofp/libm.a(lib_a-s_ceil.o)
                              out/radio.o (ceil)
/usr/lib/gcc/arm-none-eabi/9.2.1/../../../arm-none-eabi/lib/thumb/v7e-m/nofp/libm.a(lib_a-s_floor.o)
                              out/radio.o (floor)
/usr/lib/gcc/arm-none-eabi/9.2.1/../../../arm-none-eabi/lib/thumb/v7e-m/nofp/libm.a(lib_a-s_rint.o)
                              out/radio.o (rint)
/usr/lib/gcc/arm-none-eabi/9.2.1/../../../arm-none-eabi/lib/thumb/v7e-m/nofp/libm.a(lib_a-s_round.o)
                              out/rtc-board.o (round)

Allocating common symbols
Common symbol       size              file

irqRegs             0x2               out/radio.o
SX126x              0x3c              out/radio.o
RtcCalendarContext  0xc               out/rtc-board.o
RtcTimerContext     0x8               out/rtc-board.o
g_dma_callback_handler
                    0x20              out/tremo_dma.o
TxTimeoutTimer      0x14              out/radio.o
RadioRxPayload      0xff              out/radio.o
[...]
Memory Configuration

Name             Origin             Length             Attributes
FLASH            0x0000000008000000 0x0000000000020000 xr
RAM              0x0000000020000000 0x0000000000004000 xrw
*default*        0x0000000000000000 0xffffffffffffffff

Linker script and memory map

LOAD /usr/lib/gcc/arm-none-eabi/9.2.1/thumb/v7e-m/nofp/crti.o
LOAD /usr/lib/gcc/arm-none-eabi/9.2.1/thumb/v7e-m/nofp/crtbegin.o
LOAD /usr/lib/gcc/arm-none-eabi/9.2.1/../../../arm-none-eabi/lib/thumb/v7e-m/nofp/crt0.o
LOAD out/tremo_it.o
LOAD out/pingpong.o
LOAD out/main.o
LOAD out/printf-stdarg.o
LOAD out/system_cm4.o
LOAD out/tremo_crc.o
LOAD out/tremo_lcd.o
LOAD out/tremo_lpuart.o
LOAD out/tremo_wdg.o
LOAD out/tremo_uart.o
LOAD out/tremo_spi.o
LOAD out/tremo_i2s.o
LOAD out/tremo_gpio.o
LOAD out/tremo_bstimer.o
LOAD out/tremo_system.o
LOAD out/tremo_iwdg.o
LOAD out/tremo_lptimer.o
LOAD out/tremo_timer.o
LOAD out/tremo_dma.o
LOAD out/tremo_delay.o
LOAD out/tremo_dac.o
LOAD out/tremo_rtc.o
LOAD out/tremo_pwr.o
LOAD out/tremo_i2c.o
LOAD out/tremo_rcc.o
LOAD out/tremo_flash.o
LOAD out/tremo_adc.o
LOAD out/delay.o
LOAD out/timer.o
LOAD out/cmac.o
LOAD out/radio.o
LOAD out/sx126x.o
LOAD out/utilities.o
LOAD out/rtc-board.o
LOAD out/sx1262-board.o
LOAD out/startup_cm4.o
LOAD /home/hung382/MET/drivers/crypto/lib/libcrypto.a
START GROUP
LOAD /usr/lib/gcc/arm-none-eabi/9.2.1/thumb/v7e-m/nofp/libgcc.a
LOAD /usr/lib/gcc/arm-none-eabi/9.2.1/../../../arm-none-eabi/lib/thumb/v7e-m/nofp/libc.a
END GROUP
LOAD /usr/lib/gcc/arm-none-eabi/9.2.1/thumb/v7e-m/nofp/crtend.o
LOAD /usr/lib/gcc/arm-none-eabi/9.2.1/thumb/v7e-m/nofp/crtn.o
                0x0000000020004000                _estack = 0x20004000
                0x0000000000000000                _HEAP_SIZE = 0x0
                0x0000000000001000                _STACK_SIZE = 0x1000

.isr_vector     0x0000000008000000       0xd4
                0x0000000008000000                . = ALIGN (0x4)
 *(.isr_vector)
 .isr_vector    0x0000000008000000       0xd4 out/startup_cm4.o
                0x0000000008000000                g_pfnVectors
                0x00000000080000d4                . = ALIGN (0x4)

.text           0x00000000080000d8     0x5258
                0x00000000080000d8                . = ALIGN (0x4)
 *(.text)
 .text          0x00000000080000d8       0x88 /usr/lib/gcc/arm-none-eabi/9.2.1/thumb/v7e-m/nofp/crtbegin.o
 .text          0x0000000008000160      0x378 /usr/lib/gcc/arm-none-eabi/9.2.1/thumb/v7e-m/nofp/libgcc.a(_arm_addsubdf3.o)
                0x0000000008000160                __aeabi_drsub
                0x0000000008000168                __aeabi_dsub
                0x0000000008000168                __subdf3
                0x000000000800016c                __adddf3
                0x000000000800016c                __aeabi_dadd
                0x00000000080003e4                __aeabi_ui2d
                0x00000000080003e4                __floatunsidf
                0x0000000008000404                __floatsidf
                0x0000000008000404                __aeabi_i2d
                0x0000000008000428                __extendsfdf2
                0x0000000008000428                __aeabi_f2d
                0x000000000800046c                __aeabi_ul2d
                0x000000000800046c                __floatundidf
                0x000000000800047c                __floatdidf
                0x000000000800047c                __aeabi_l2d
 .text          0x00000000080004d8      0x424 /usr/lib/gcc/arm-none-eabi/9.2.1/thumb/v7e-m/nofp/libgcc.a(_arm_muldivdf3.o)
                0x00000000080004d8                __aeabi_dmul
                0x00000000080004d8                __muldf3
                0x000000000800072c                __aeabi_ddiv
                0x000000000800072c                __divdf3
 .text          0x00000000080008fc      0x110 /usr/lib/gcc/arm-none-eabi/9.2.1/thumb/v7e-m/nofp/libgcc.a(_arm_cmpdf2.o)
                0x00000000080008fc                __gtdf2
                0x00000000080008fc                __gedf2
                0x0000000008000904                __ltdf2
                0x0000000008000904                __ledf2
                0x000000000800090c                __cmpdf2
                0x000000000800090c                __eqdf2
                0x000000000800090c                __nedf2
                0x0000000008000988                __aeabi_cdrcmple
                0x0000000008000998                __aeabi_cdcmple
                0x0000000008000998                __aeabi_cdcmpeq
                0x00000000080009a8                __aeabi_dcmpeq
                0x00000000080009bc                __aeabi_dcmplt
                0x00000000080009d0                __aeabi_dcmple
                0x00000000080009e4                __aeabi_dcmpge
                0x00000000080009f8                __aeabi_dcmpgt
 .text          0x0000000008000a0c       0x50 /usr/lib/gcc/arm-none-eabi/9.2.1/thumb/v7e-m/nofp/libgcc.a(_arm_fixdfsi.o)
                0x0000000008000a0c                __fixdfsi
                0x0000000008000a0c                __aeabi_d2iz
 .text          0x0000000008000a5c       0x40 /usr/lib/gcc/arm-none-eabi/9.2.1/thumb/v7e-m/nofp/libgcc.a(_arm_fixunsdfsi.o)
                0x0000000008000a5c                __fixunsdfsi
                0x0000000008000a5c                __aeabi_d2uiz
 .text          0x0000000008000a9c       0x30 /usr/lib/gcc/arm-none-eabi/9.2.1/thumb/v7e-m/nofp/libgcc.a(_aeabi_uldivmod.o)
                0x0000000008000a9c                __aeabi_uldivmod
 .text          0x0000000008000acc       0x3c /usr/lib/gcc/arm-none-eabi/9.2.1/thumb/v7e-m/nofp/libgcc.a(_fixunsdfdi.o)
                0x0000000008000acc                __aeabi_d2ulz
                0x0000000008000acc                __fixunsdfdi
 .text          0x0000000008000b08      0x2c0 /usr/lib/gcc/arm-none-eabi/9.2.1/thumb/v7e-m/nofp/libgcc.a(_udivmoddi4.o)
                0x0000000008000b08                __udivmoddi4
 .text          0x0000000008000dc8        0x4 /usr/lib/gcc/arm-none-eabi/9.2.1/thumb/v7e-m/nofp/libgcc.a(_dvmd_tls.o)
                0x0000000008000dc8                __aeabi_ldiv0
                0x0000000008000dc8                __aeabi_idiv0
 .text          0x0000000008000dcc        0xc /usr/lib/gcc/arm-none-eabi/9.2.1/../../../arm-none-eabi/lib/thumb/v7e-m/nofp/libc.a(lib_a-atexit.o)
                0x0000000008000dcc                atexit
 .text          0x0000000008000dd8       0x34 /usr/lib/gcc/arm-none-eabi/9.2.1/../../../arm-none-eabi/lib/thumb/v7e-m/nofp/libc.a(lib_a-fini.o)
                0x0000000008000dd8                __libc_fini_array
 .text          0x0000000008000e0c       0x48 /usr/lib/gcc/arm-none-eabi/9.2.1/../../../arm-none-eabi/lib/thumb/v7e-m/nofp/libc.a(lib_a-init.o)
                0x0000000008000e0c                __libc_init_array
 .text          0x0000000008000e54      0x134 /usr/lib/gcc/arm-none-eabi/9.2.1/../../../arm-none-eabi/lib/thumb/v7e-m/nofp/libc.a(lib_a-memcpy.o)
                0x0000000008000e54                memcpy
 .text          0x0000000008000f88       0xa0 /usr/lib/gcc/arm-none-eabi/9.2.1/../../../arm-none-eabi/lib/thumb/v7e-m/nofp/libc.a(lib_a-memset.o)
                0x0000000008000f88                memset
 .text          0x0000000008001028       0xa4 /usr/lib/gcc/arm-none-eabi/9.2.1/../../../arm-none-eabi/lib/thumb/v7e-m/nofp/libc.a(lib_a-strncmp.o)
                0x0000000008001028                strncmp
 .text          0x00000000080010cc       0x68 /usr/lib/gcc/arm-none-eabi/9.2.1/../../../arm-none-eabi/lib/thumb/v7e-m/nofp/libc.a(lib_a-__atexit.o)
                0x00000000080010cc                __register_exitproc
 *fill*         0x0000000008001134        0x4 
 .text          0x0000000008001138      0x108 /usr/lib/gcc/arm-none-eabi/9.2.1/../../../arm-none-eabi/lib/thumb/v7e-m/nofp/libm.a(lib_a-s_ceil.o)
                0x0000000008001138                ceil
 .text          0x0000000008001240      0x108 /usr/lib/gcc/arm-none-eabi/9.2.1/../../../arm-none-eabi/lib/thumb/v7e-m/nofp/libm.a(lib_a-s_floor.o)
                0x0000000008001240                floor
 .text          0x0000000008001348      0x118 /usr/lib/gcc/arm-none-eabi/9.2.1/../../../arm-none-eabi/lib/thumb/v7e-m/nofp/libm.a(lib_a-s_rint.o)
                0x0000000008001348                rint
 .text          0x0000000008001460       0x90 /usr/lib/gcc/arm-none-eabi/9.2.1/../../../arm-none-eabi/lib/thumb/v7e-m/nofp/libm.a(lib_a-s_round.o)
                0x0000000008001460                round
 *(.text*)
 .text.NMI_Handler
                0x00000000080014f0        0x2 out/tremo_it.o
                0x00000000080014f0                NMI_Handler
 .text.HardFault_Handler
                0x00000000080014f2        0x2 out/tremo_it.o
                0x00000000080014f2                HardFault_Handler
 .text.MemManage_Handler
                0x00000000080014f4        0x2 out/tremo_it.o
                0x00000000080014f4                MemManage_Handler
 .text.BusFault_Handler
                0x00000000080014f6        0x2 out/tremo_it.o
                0x00000000080014f6                BusFault_Handler
 .text.UsageFault_Handler
                0x00000000080014f8        0x2 out/tremo_it.o
                0x00000000080014f8                UsageFault_Handler
 .text.SVC_Handler
                0x00000000080014fa        0x2 out/tremo_it.o
                0x00000000080014fa                SVC_Handler
 .text.PendSV_Handler
                0x00000000080014fc        0x2 out/tremo_it.o
                0x00000000080014fc                PendSV_Handler
 .text.SysTick_Handler
                0x00000000080014fe        0x2 out/tremo_it.o
                0x00000000080014fe                SysTick_Handler
 .text.PWR_IRQHandler
                0x0000000008001500        0x2 out/tremo_it.o
                0x0000000008001500                PWR_IRQHandler
 .text.LORA_IRQHandler
                0x0000000008001502        0x4 out/tremo_it.o
                0x0000000008001502                LORA_IRQHandler
 .text.RTC_IRQHandler
                0x0000000008001506        0x4 out/tremo_it.o
                0x0000000008001506                RTC_IRQHandler
 *fill*         0x000000000800150a        0x2 
 .text.GPIO_IRQHandler
                0x000000000800150c       0x30 out/tremo_it.o
                0x000000000800150c                GPIO_IRQHandler
 .text.TIMER0_IRQHandler
                0x000000000800153c        0x4 out/tremo_it.o
                0x000000000800153c                TIMER0_IRQHandler
 .text.TIMER1_IRQHandler
                0x0000000008001540        0x4 out/tremo_it.o
                0x0000000008001540                TIMER1_IRQHandler
 .text.OnTxDone
                0x0000000008001544       0x28 out/pingpong.o
                0x0000000008001544                OnTxDone
 .text.OnTxTimeout
                0x000000000800156c       0x24 out/pingpong.o
                0x000000000800156c                OnTxTimeout
 .text.OnRxTimeout
                0x0000000008001590       0x24 out/pingpong.o
                0x0000000008001590                OnRxTimeout
 .text.OnRxError
                0x00000000080015b4       0x24 out/pingpong.o
                0x00000000080015b4                OnRxError
 .text.send_data
                0x00000000080015d8       0x48 out/pingpong.o
                0x00000000080015d8                send_data
 .text.app_start
                0x0000000008001620      0x1cc out/pingpong.o
                0x0000000008001620                app_start
 .text.deal_with_PONG
                0x00000000080017ec       0x54 out/pingpong.o
                0x00000000080017ec                deal_with_PONG
 .text.OnRxDone
                0x0000000008001840       0x5c out/pingpong.o
                0x0000000008001840                OnRxDone
 .text.timer_init_hehe
                0x000000000800189c       0x54 out/main.o
                0x000000000800189c                timer_init_hehe
 .text.init_led
                0x00000000080018f0       0x24 out/main.o
                0x00000000080018f0                init_led
 .text.uart_log_init
                0x0000000008001914       0x40 out/main.o
                0x0000000008001914                uart_log_init
 .text.interrupt_configuration
                0x0000000008001954       0x48 out/main.o
                0x0000000008001954                interrupt_configuration
 .text.board_init
                0x000000000800199c       0x72 out/main.o
                0x000000000800199c                board_init
 *fill*         0x0000000008001a0e        0x2 
 .text.gptim0_IRQHandler
                0x0000000008001a10       0x30 out/main.o
                0x0000000008001a10                gptim0_IRQHandler
 .text.gptim1_IRQHandler
                0x0000000008001a40       0x30 out/main.o
                0x0000000008001a40                gptim1_IRQHandler
 .text.startup.main
                0x0000000008001a70       0x20 out/main.o
                0x0000000008001a70                main
 .text._out_null
                0x0000000008001a90        0x2 out/printf-stdarg.o
 .text._out_rev
                0x0000000008001a92       0x96 out/printf-stdarg.o
 .text._ntoa_format
                0x0000000008001b28      0x10a out/printf-stdarg.o
 .text._ntoa_long
                0x0000000008001c32       0x82 out/printf-stdarg.o
 .text._ntoa_long_long
                0x0000000008001cb4       0xa6 out/printf-stdarg.o
 *fill*         0x0000000008001d5a        0x2 
 .text._out_char
                0x0000000008001d5c       0x10 out/printf-stdarg.o
 *fill*         0x0000000008001d6c        0x4 
 .text._ftoa    0x0000000008001d70      0x32c out/printf-stdarg.o
 *fill*         0x000000000800209c        0x4 
 .text._etoa    0x00000000080020a0      0x3b8 out/printf-stdarg.o
 .text._vsnprintf
                0x0000000008002458      0x550 out/printf-stdarg.o
 .text.__wrap_printf
                0x00000000080029a8       0x28 out/printf-stdarg.o
                0x00000000080029a8                __wrap_printf
 .text.nvic_init
                0x00000000080029d0       0x24 out/system_cm4.o
                0x00000000080029d0                nvic_init
 .text.system_init
                0x00000000080029f4       0x44 out/system_cm4.o
                0x00000000080029f4                system_init
 .text.uart_send_data
                0x0000000008002a38        0xa out/tremo_uart.o
                0x0000000008002a38                uart_send_data
 .text.uart_config_init
                0x0000000008002a42       0x16 out/tremo_uart.o
                0x0000000008002a42                uart_config_init
 .text.uart_cmd
                0x0000000008002a58       0x12 out/tremo_uart.o
                0x0000000008002a58                uart_cmd
 *fill*         0x0000000008002a6a        0x2 
 .text.uart_init
                0x0000000008002a6c      0x140 out/tremo_uart.o
                0x0000000008002a6c                uart_init
 .text.gpio_init
                0x0000000008002bac      0x124 out/tremo_gpio.o
                0x0000000008002bac                gpio_init
 .text.gpio_write
                0x0000000008002cd0       0xb4 out/tremo_gpio.o
                0x0000000008002cd0                gpio_write
 .text.gpio_read
                0x0000000008002d84       0x12 out/tremo_gpio.o
                0x0000000008002d84                gpio_read
 .text.gpio_toggle
                0x0000000008002d96        0xe out/tremo_gpio.o
                0x0000000008002d96                gpio_toggle
 .text.gpio_clear_interrupt
                0x0000000008002da4       0x10 out/tremo_gpio.o
                0x0000000008002da4                gpio_clear_interrupt
 .text.gpio_config_interrupt
                0x0000000008002db4       0x20 out/tremo_gpio.o
                0x0000000008002db4                gpio_config_interrupt
 .text.gpio_get_interrupt_status
                0x0000000008002dd4       0x14 out/tremo_gpio.o
                0x0000000008002dd4                gpio_get_interrupt_status
 .text.gpio_set_iomux
                0x0000000008002de8       0x40 out/tremo_gpio.o
                0x0000000008002de8                gpio_set_iomux
 .text.system_get_chip_id
                0x0000000008002e28       0x1c out/tremo_system.o
                0x0000000008002e28                system_get_chip_id
 .text.timer_init
                0x0000000008002e44       0x44 out/tremo_timer.o
                0x0000000008002e44                timer_init
 .text.timer_cmd
                0x0000000008002e88       0x12 out/tremo_timer.o
                0x0000000008002e88                timer_cmd
 .text.timer_config_interrupt
                0x0000000008002e9a       0x10 out/tremo_timer.o
                0x0000000008002e9a                timer_config_interrupt
 .text.timer_get_status
                0x0000000008002eaa       0x10 out/tremo_timer.o
                0x0000000008002eaa                timer_get_status
 .text.timer_clear_status
                0x0000000008002eba        0xa out/tremo_timer.o
                0x0000000008002eba                timer_clear_status
 .text.timer_generate_event
                0x0000000008002ec4       0x10 out/tremo_timer.o
                0x0000000008002ec4                timer_generate_event
 .text.delay_init
                0x0000000008002ed4       0x48 out/tremo_delay.o
                0x0000000008002ed4                delay_init
 .text.delay_us
                0x0000000008002f1c       0x30 out/tremo_delay.o
                0x0000000008002f1c                delay_us
 .text.delay_ms
                0x0000000008002f4c        0xa out/tremo_delay.o
                0x0000000008002f4c                delay_ms
 .text.rtc_deinit
                0x0000000008002f56       0x1e out/tremo_rtc.o
                0x0000000008002f56                rtc_deinit
 .text.rtc_check_syn
                0x0000000008002f74       0x14 out/tremo_rtc.o
                0x0000000008002f74                rtc_check_syn
 .text.rtc_calendar_cmd
                0x0000000008002f88       0x20 out/tremo_rtc.o
                0x0000000008002f88                rtc_calendar_cmd
 .text.rtc_cyc_cmd
                0x0000000008002fa8       0x20 out/tremo_rtc.o
                0x0000000008002fa8                rtc_cyc_cmd
 .text.rtc_config_cyc_wakeup
                0x0000000008002fc8       0x24 out/tremo_rtc.o
                0x0000000008002fc8                rtc_config_cyc_wakeup
 .text.rtc_get_calendar
                0x0000000008002fec       0xdc out/tremo_rtc.o
                0x0000000008002fec                rtc_get_calendar
 .text.rtc_set_status
                0x00000000080030c8       0x30 out/tremo_rtc.o
                0x00000000080030c8                rtc_set_status
 .text.rtc_get_status
                0x00000000080030f8       0x38 out/tremo_rtc.o
                0x00000000080030f8                rtc_get_status
 .text.rtc_config_interrupt
                0x0000000008003130       0x38 out/tremo_rtc.o
                0x0000000008003130                rtc_config_interrupt
 .text.rtc_config_cyc_max
                0x0000000008003168       0x14 out/tremo_rtc.o
                0x0000000008003168                rtc_config_cyc_max
 .text.pwr_xo32k_lpm_cmd
                0x000000000800317c       0x18 out/tremo_pwr.o
                0x000000000800317c                pwr_xo32k_lpm_cmd
 .text.rcc_get_clk_freq
                0x0000000008003194       0x9c out/tremo_rcc.o
                0x0000000008003194                rcc_get_clk_freq
 .text.rcc_get_uart0_clk_source
                0x0000000008003230        0xc out/tremo_rcc.o
                0x0000000008003230                rcc_get_uart0_clk_source
 .text.rcc_get_uart1_clk_source
                0x000000000800323c        0xc out/tremo_rcc.o
                0x000000000800323c                rcc_get_uart1_clk_source
 .text.rcc_get_uart2_clk_source
                0x0000000008003248        0xc out/tremo_rcc.o
                0x0000000008003248                rcc_get_uart2_clk_source
 .text.rcc_get_uart3_clk_source
                0x0000000008003254        0xc out/tremo_rcc.o
                0x0000000008003254                rcc_get_uart3_clk_source
 .text.rcc_get_rtc_clk_source
                0x0000000008003260        0xc out/tremo_rcc.o
                0x0000000008003260                rcc_get_rtc_clk_source
 .text.rcc_enable_peripheral_clk
                0x000000000800326c      0x4b4 out/tremo_rcc.o
                0x000000000800326c                rcc_enable_peripheral_clk
 .text.rcc_enable_oscillator
                0x0000000008003720       0xfc out/tremo_rcc.o
                0x0000000008003720                rcc_enable_oscillator
 .text.rcc_rst_peripheral
                0x000000000800381c       0x4a out/tremo_rcc.o
                0x000000000800381c                rcc_rst_peripheral
 .text.DelayMs  0x0000000008003866        0x4 out/delay.o
                0x0000000008003866                DelayMs
 *fill*         0x000000000800386a        0x2 
 .text.TimeStampsUpdate
                0x000000000800386c       0x2c out/timer.o
 .text.TimerInsertNewHeadTimer
                0x0000000008003898       0x1c out/timer.o
 .text.TimerInit
                0x00000000080038b4        0xe out/timer.o
                0x00000000080038b4                TimerInit
 *fill*         0x00000000080038c2        0x2 
 .text.TimerStart
                0x00000000080038c4       0x78 out/timer.o
                0x00000000080038c4                TimerStart
 .text.TimerIrqHandler
                0x000000000800393c       0x68 out/timer.o
                0x000000000800393c                TimerIrqHandler
 .text.TimerStop
                0x00000000080039a4       0x60 out/timer.o
                0x00000000080039a4                TimerStop
 .text.TimerSetValue
                0x0000000008003a04       0x10 out/timer.o
                0x0000000008003a04                TimerSetValue
 .text.TimerGetCurrentTime
                0x0000000008003a14       0x18 out/timer.o
                0x0000000008003a14                TimerGetCurrentTime
 .text.TimerGetElapsedTime
                0x0000000008003a2c       0x12 out/timer.o
                0x0000000008003a2c                TimerGetElapsedTime
 .text.RadioCheckRfFrequency
                0x0000000008003a3e        0x4 out/radio.o
                0x0000000008003a3e                RadioCheckRfFrequency
 *fill*         0x0000000008003a42        0x2 
 .text.RadioOnTxTimeoutIrq
                0x0000000008003a44       0x14 out/radio.o
                0x0000000008003a44                RadioOnTxTimeoutIrq
 .text.RadioOnRxTimeoutIrq
                0x0000000008003a58       0x14 out/radio.o
                0x0000000008003a58                RadioOnRxTimeoutIrq
 .text.RadioStandby
                0x0000000008003a6c        0x6 out/radio.o
                0x0000000008003a6c                RadioStandby
 *fill*         0x0000000008003a72        0x2 
 .text.RadioInit
                0x0000000008003a74       0x6c out/radio.o
                0x0000000008003a74                RadioInit
 .text.RadioGetStatus
                0x0000000008003ae0       0x18 out/radio.o
                0x0000000008003ae0                RadioGetStatus
 .text.RadioSetChannel
                0x0000000008003af8        0x4 out/radio.o
                0x0000000008003af8                RadioSetChannel
 .text.RadioRssi
                0x0000000008003afc        0xa out/radio.o
                0x0000000008003afc                RadioRssi
 .text.RadioRead
                0x0000000008003b06        0x4 out/radio.o
                0x0000000008003b06                RadioRead
 .text.RadioWrite
                0x0000000008003b0a        0x4 out/radio.o
                0x0000000008003b0a                RadioWrite
 *fill*         0x0000000008003b0e        0x2 
 .text.RadioSend
                0x0000000008003b10       0x54 out/radio.o
                0x0000000008003b10                RadioSend
 .text.RadioSleep
                0x0000000008003b64       0x14 out/radio.o
                0x0000000008003b64                RadioSleep
 .text.RadioSetRxDutyCycle
                0x0000000008003b78        0x4 out/radio.o
                0x0000000008003b78                RadioSetRxDutyCycle
 .text.RadioStartCad
                0x0000000008003b7c       0x6c out/radio.o
                0x0000000008003b7c                RadioStartCad
 .text.RadioSetTxContinuousWave
                0x0000000008003be8       0x4c out/radio.o
                0x0000000008003be8                RadioSetTxContinuousWave
 .text.RadioWriteBuffer
                0x0000000008003c34        0x4 out/radio.o
                0x0000000008003c34                RadioWriteBuffer
 .text.RadioReadBuffer
                0x0000000008003c38        0x4 out/radio.o
                0x0000000008003c38                RadioReadBuffer
 .text.RadioGetWakeupTime
                0x0000000008003c3c        0xa out/radio.o
                0x0000000008003c3c                RadioGetWakeupTime
 *fill*         0x0000000008003c46        0x2 
 .text.RadioOnCadTimeoutIrq
                0x0000000008003c48       0x20 out/radio.o
                0x0000000008003c48                RadioOnCadTimeoutIrq
 .text.RadioGetFskBandwidthRegValue
                0x0000000008003c68       0x34 out/radio.o
 .text.RadioSetMaxPayloadLength
                0x0000000008003c9c       0x28 out/radio.o
                0x0000000008003c9c                RadioSetMaxPayloadLength
 .text.RadioRx  0x0000000008003cc4       0x44 out/radio.o
                0x0000000008003cc4                RadioRx
 .text.RadioRxBoosted
                0x0000000008003d08       0x40 out/radio.o
                0x0000000008003d08                RadioRxBoosted
 .text.RadioIrqProcess
                0x0000000008003d48      0x160 out/radio.o
                0x0000000008003d48                RadioIrqProcess
 .text.RadioSetPublicNetwork
                0x0000000008003ea8       0x3c out/radio.o
                0x0000000008003ea8                RadioSetPublicNetwork
 .text.RadioSetModem.part.0
                0x0000000008003ee4       0x24 out/radio.o
 .text.RadioSetModem
                0x0000000008003f08       0x20 out/radio.o
                0x0000000008003f08                RadioSetModem
 .text.RadioIsChannelFree
                0x0000000008003f28       0x4e out/radio.o
                0x0000000008003f28                RadioIsChannelFree
 .text.RadioRandom
                0x0000000008003f76       0x3c out/radio.o
                0x0000000008003f76                RadioRandom
 *fill*         0x0000000008003fb2        0x2 
 .text.RadioSymbTime
                0x0000000008003fb4       0x2c out/radio.o
                0x0000000008003fb4                RadioSymbTime
 .text.RadioSetRxConfig
                0x0000000008003fe0      0x21c out/radio.o
                0x0000000008003fe0                RadioSetRxConfig
 *fill*         0x00000000080041fc        0x4 
 .text.RadioSetTxConfig
                0x0000000008004200      0x198 out/radio.o
                0x0000000008004200                RadioSetTxConfig
 .text.RadioTimeOnAir
                0x0000000008004398      0x190 out/radio.o
                0x0000000008004398                RadioTimeOnAir
 .text.RadioOnDioIrq
                0x0000000008004528       0x24 out/radio.o
                0x0000000008004528                RadioOnDioIrq
 .text.SX126xGetOperatingMode
                0x000000000800454c        0xc out/sx126x.o
                0x000000000800454c                SX126xGetOperatingMode
 .text.SX126xSetOperatingMode
                0x0000000008004558        0xc out/sx126x.o
                0x0000000008004558                SX126xSetOperatingMode
 .text.SX126xCheckDeviceReady
                0x0000000008004564       0x38 out/sx126x.o
                0x0000000008004564                SX126xCheckDeviceReady
 .text.SX126xSetPayload
                0x000000000800459c        0xa out/sx126x.o
                0x000000000800459c                SX126xSetPayload
 .text.SX126xSetSyncWord
                0x00000000080045a6       0x12 out/sx126x.o
                0x00000000080045a6                SX126xSetSyncWord
 .text.SX126xSetCrcSeed
                0x00000000080045b8       0x24 out/sx126x.o
                0x00000000080045b8                SX126xSetCrcSeed
 .text.SX126xSetCrcPolynomial
                0x00000000080045dc       0x24 out/sx126x.o
                0x00000000080045dc                SX126xSetCrcPolynomial
 .text.SX126xSetWhiteningSeed
                0x0000000008004600       0x38 out/sx126x.o
                0x0000000008004600                SX126xSetWhiteningSeed
 .text.SX126xSetSleep
                0x0000000008004638       0x24 out/sx126x.o
                0x0000000008004638                SX126xSetSleep
 .text.SX126xSetStandby
                0x000000000800465c       0x2c out/sx126x.o
                0x000000000800465c                SX126xSetStandby
 .text.SX126xSetTx
                0x0000000008004688       0x2c out/sx126x.o
                0x0000000008004688                SX126xSetTx
 .text.SX126xSendPayload
                0x00000000080046b4       0x12 out/sx126x.o
                0x00000000080046b4                SX126xSendPayload
 *fill*         0x00000000080046c6        0x2 
 .text.SX126xSetRx
                0x00000000080046c8       0x2c out/sx126x.o
                0x00000000080046c8                SX126xSetRx
 .text.SX126xSetRxBoosted
                0x00000000080046f4       0x38 out/sx126x.o
                0x00000000080046f4                SX126xSetRxBoosted
 .text.SX126xSetRxDutyCycle
                0x000000000800472c       0x38 out/sx126x.o
                0x000000000800472c                SX126xSetRxDutyCycle
 .text.SX126xSetCad
                0x0000000008004764       0x18 out/sx126x.o
                0x0000000008004764                SX126xSetCad
 .text.SX126xSetTxContinuousWave
                0x000000000800477c        0xa out/sx126x.o
                0x000000000800477c                SX126xSetTxContinuousWave
 .text.SX126xSetStopRxTimerOnPreambleDetect
                0x0000000008004786       0x18 out/sx126x.o
                0x0000000008004786                SX126xSetStopRxTimerOnPreambleDetect
 .text.SX126xSetLoRaSymbNumTimeout
                0x000000000800479e       0x18 out/sx126x.o
                0x000000000800479e                SX126xSetLoRaSymbNumTimeout
 .text.SX126xSetRegulatorMode
                0x00000000080047b6       0x18 out/sx126x.o
                0x00000000080047b6                SX126xSetRegulatorMode
 *fill*         0x00000000080047ce        0x2 
 .text.SX126xCalibrateImage
                0x00000000080047d0       0x64 out/sx126x.o
                0x00000000080047d0                SX126xCalibrateImage
 .text.SX126xSetPaConfig
                0x0000000008004834       0x24 out/sx126x.o
                0x0000000008004834                SX126xSetPaConfig
 .text.SX126xSetDioIrqParams
                0x0000000008004858       0x2a out/sx126x.o
                0x0000000008004858                SX126xSetDioIrqParams
 .text.SX126xGetIrqStatus
                0x0000000008004882       0x1e out/sx126x.o
                0x0000000008004882                SX126xGetIrqStatus
 .text.SX126xSetDio2AsRfSwitchCtrl
                0x00000000080048a0       0x18 out/sx126x.o
                0x00000000080048a0                SX126xSetDio2AsRfSwitchCtrl
 .text.SX126xInit
                0x00000000080048b8       0x28 out/sx126x.o
                0x00000000080048b8                SX126xInit
 .text.SX126xSetRfFrequency
                0x00000000080048e0       0x4c out/sx126x.o
                0x00000000080048e0                SX126xSetRfFrequency
 .text.SX126xSetPacketType
                0x000000000800492c       0x20 out/sx126x.o
                0x000000000800492c                SX126xSetPacketType
 .text.SX126xGetPacketType
                0x000000000800494c        0xc out/sx126x.o
                0x000000000800494c                SX126xGetPacketType
 .text.SX126xSetTxParams
                0x0000000008004958       0xbc out/sx126x.o
                0x0000000008004958                SX126xSetTxParams
 *fill*         0x0000000008004a14        0x4 
 .text.SX126xSetModulationParams
                0x0000000008004a18       0xb4 out/sx126x.o
                0x0000000008004a18                SX126xSetModulationParams
 .text.SX126xSetPacketParams
                0x0000000008004acc       0xac out/sx126x.o
                0x0000000008004acc                SX126xSetPacketParams
 .text.SX126xSetCadParams
                0x0000000008004b78       0x3c out/sx126x.o
                0x0000000008004b78                SX126xSetCadParams
 .text.SX126xSetBufferBaseAddress
                0x0000000008004bb4       0x1a out/sx126x.o
                0x0000000008004bb4                SX126xSetBufferBaseAddress
 .text.SX126xGetRssiInst
                0x0000000008004bce       0x1a out/sx126x.o
                0x0000000008004bce                SX126xGetRssiInst
 .text.SX126xGetRxBufferStatus
                0x0000000008004be8       0x48 out/sx126x.o
                0x0000000008004be8                SX126xGetRxBufferStatus
 .text.SX126xGetPayload
                0x0000000008004c30       0x32 out/sx126x.o
                0x0000000008004c30                SX126xGetPayload
 *fill*         0x0000000008004c62        0x2 
 .text.SX126xGetPacketStatus
                0x0000000008004c64       0x80 out/sx126x.o
                0x0000000008004c64                SX126xGetPacketStatus
 .text.SX126xClearIrqStatus
                0x0000000008004ce4       0x18 out/sx126x.o
                0x0000000008004ce4                SX126xClearIrqStatus
 .text.rand1    0x0000000008004cfc       0x28 out/utilities.o
                0x0000000008004cfc                rand1
 .text.RtcInit  0x0000000008004d24       0x30 out/rtc-board.o
                0x0000000008004d24                RtcInit
 .text.RtcSetTimeout
                0x0000000008004d54       0x8c out/rtc-board.o
                0x0000000008004d54                RtcSetTimeout
 .text.RtcStopTimeout
                0x0000000008004de0       0x14 out/rtc-board.o
                0x0000000008004de0                RtcStopTimeout
 .text.RtcGetTimerContext
                0x0000000008004df4        0xc out/rtc-board.o
                0x0000000008004df4                RtcGetTimerContext
 .text.RtcGetTimerValue
                0x0000000008004e00      0x120 out/rtc-board.o
                0x0000000008004e00                RtcGetTimerValue
 .text.RtcSetTimerContext
                0x0000000008004f20       0x18 out/rtc-board.o
                0x0000000008004f20                RtcSetTimerContext
 .text.RtcGetElapsedTime
                0x0000000008004f38       0x18 out/rtc-board.o
                0x0000000008004f38                RtcGetElapsedTime
 .text.RtcOnIrq
                0x0000000008004f50       0x32 out/rtc-board.o
                0x0000000008004f50                RtcOnIrq
 .text.BoardDisableIrq
                0x0000000008004f82        0x4 out/sx1262-board.o
                0x0000000008004f82                BoardDisableIrq
 .text.BoardEnableIrq
                0x0000000008004f86        0x4 out/sx1262-board.o
                0x0000000008004f86                BoardEnableIrq
 *fill*         0x0000000008004f8a        0x2 
 .text.SpiInOut
                0x0000000008004f8c       0x18 out/sx1262-board.o
                0x0000000008004f8c                SpiInOut
 .text.SX126xLoracInit
                0x0000000008004fa4       0x5c out/sx1262-board.o
                0x0000000008004fa4                SX126xLoracInit
 .text.SX126xGetBoardTcxoWakeupTime
                0x0000000008005000        0x4 out/sx1262-board.o
                0x0000000008005000                SX126xGetBoardTcxoWakeupTime
 .text.SX126xReset
                0x0000000008005004       0x54 out/sx1262-board.o
                0x0000000008005004                SX126xReset
 .text.SX126xWaitOnBusy
                0x0000000008005058       0x18 out/sx1262-board.o
                0x0000000008005058                SX126xWaitOnBusy
 .text.SX126xWakeup
                0x0000000008005070       0x30 out/sx1262-board.o
                0x0000000008005070                SX126xWakeup
 .text.SX126xWriteCommand
                0x00000000080050a0       0x44 out/sx1262-board.o
                0x00000000080050a0                SX126xWriteCommand
 .text.SX126xReadCommand
                0x00000000080050e4       0x48 out/sx1262-board.o
                0x00000000080050e4                SX126xReadCommand
 .text.SX126xWriteRegisters
                0x000000000800512c       0x48 out/sx1262-board.o
                0x000000000800512c                SX126xWriteRegisters
 .text.SX126xWriteRegister
                0x0000000008005174       0x16 out/sx1262-board.o
                0x0000000008005174                SX126xWriteRegister
 *fill*         0x000000000800518a        0x2 
 .text.SX126xReadRegisters
                0x000000000800518c       0x50 out/sx1262-board.o
                0x000000000800518c                SX126xReadRegisters
 .text.SX126xReadRegister
                0x00000000080051dc       0x16 out/sx1262-board.o
                0x00000000080051dc                SX126xReadRegister
 *fill*         0x00000000080051f2        0x2 
 .text.SX126xWriteBuffer
                0x00000000080051f4       0x48 out/sx1262-board.o
                0x00000000080051f4                SX126xWriteBuffer
 .text.SX126xReadBuffer
                0x000000000800523c       0x50 out/sx1262-board.o
                0x000000000800523c                SX126xReadBuffer
 .text.SX126xSetRfTxPower
                0x000000000800528c        0x6 out/sx1262-board.o
                0x000000000800528c                SX126xSetRfTxPower
 .text.SX126xGetPaSelect
                0x0000000008005292        0x4 out/sx1262-board.o
                0x0000000008005292                SX126xGetPaSelect
 *fill*         0x0000000008005296        0x2 
 .text.SX126xAntSwOn
                0x0000000008005298       0x10 out/sx1262-board.o
                0x0000000008005298                SX126xAntSwOn
 .text.SX126xAntSwOff
                0x00000000080052a8       0x10 out/sx1262-board.o
                0x00000000080052a8                SX126xAntSwOff
 .text.Reset_Handler
                0x00000000080052b8       0x48 out/startup_cm4.o
                0x00000000080052b8                Reset_Handler
 .text.Default_Handler
                0x0000000008005300        0x2 out/startup_cm4.o
                0x0000000008005300                SCC_IRQHandler
                0x0000000008005300                TIMER2_IRQHandler
                0x0000000008005300                EFC_IRQHandler
                0x0000000008005300                I2C0_IRQHandler
                0x0000000008005300                SAC_IRQHandler
                0x0000000008005300                I2C1_IRQHandler
                0x0000000008005300                UART1_IRQHandler
                0x0000000008005300                BSTIMER0_IRQHandler
                0x0000000008005300                TIMER3_IRQHandler
                0x0000000008005300                UART0_IRQHandler
                0x0000000008005300                SEC_IRQHandler
                0x0000000008005300                WDG_IRQHandler
                0x0000000008005300                LPTIMER1_IRQHandler
                0x0000000008005300                LPTIMER0_IRQHandler
                0x0000000008005300                SSP0_IRQHandler
                0x0000000008005300                I2S_IRQHandler
                0x0000000008005300                I2C2_IRQHandler
                0x0000000008005300                LCD_IRQHandler
                0x0000000008005300                LPUART_IRQHandler
                0x0000000008005300                UART2_IRQHandler
                0x0000000008005300                Default_Handler
                0x0000000008005300                ADC_IRQHandler
                0x0000000008005300                SSP1_IRQHandler
                0x0000000008005300                DMA0_IRQHandler
                0x0000000008005300                IWDG_IRQHandler
                0x0000000008005300                SSP2_IRQHandler
                0x0000000008005300                BSTIMER1_IRQHandler
                0x0000000008005300                DAC_IRQHandler
                0x0000000008005300                AFEC_IRQHandler
                0x0000000008005300                UART3_IRQHandler
                0x0000000008005300                QSPI_IRQHandler
                0x0000000008005300                DMA1_IRQHandler
 *fill*         0x0000000008005302        0x2 
 .text.startup  0x0000000008005304       0x14 /usr/lib/gcc/arm-none-eabi/9.2.1/../../../arm-none-eabi/lib/thumb/v7e-m/nofp/libc.a(lib_a-__call_atexit.o)
 *(.glue_7)
 .glue_7        0x0000000008005318        0x0 linker stubs
 *(.glue_7t)
 .glue_7t       0x0000000008005318        0x0 linker stubs
 *(.eh_frame)
 .eh_frame      0x0000000008005318        0x0 /usr/lib/gcc/arm-none-eabi/9.2.1/thumb/v7e-m/nofp/crtbegin.o
 *(.init)
 .init          0x0000000008005318        0x4 /usr/lib/gcc/arm-none-eabi/9.2.1/thumb/v7e-m/nofp/crti.o
                0x0000000008005318                _init
 .init          0x000000000800531c        0x8 /usr/lib/gcc/arm-none-eabi/9.2.1/thumb/v7e-m/nofp/crtn.o
 *(.fini)
 .fini          0x0000000008005324        0x4 /usr/lib/gcc/arm-none-eabi/9.2.1/thumb/v7e-m/nofp/crti.o
                0x0000000008005324                _fini
 .fini          0x0000000008005328        0x8 /usr/lib/gcc/arm-none-eabi/9.2.1/thumb/v7e-m/nofp/crtn.o
                0x0000000008005330                . = ALIGN (0x4)
                0x0000000008005330                _etext = .

.vfp11_veneer   0x0000000008005330        0x0
 .vfp11_veneer  0x0000000008005330        0x0 linker stubs

.v4_bx          0x0000000008005330        0x0
 .v4_bx         0x0000000008005330        0x0 linker stubs

.iplt           0x0000000008005330        0x0
 .iplt          0x0000000008005330        0x0 /usr/lib/gcc/arm-none-eabi/9.2.1/thumb/v7e-m/nofp/crtbegin.o

.rodata         0x0000000008005330      0x30c
                0x0000000008005330                . = ALIGN (0x4)
 *(.rodata)
 .rodata        0x0000000008005330       0x10 out/pingpong.o
                0x0000000008005330                Pong2Msg
                0x0000000008005336                PongMsg
                0x000000000800533b                PingMsg
 .rodata        0x0000000008005340       0x50 out/printf-stdarg.o
 .rodata        0x0000000008005390        0xc out/tremo_uart.o
 *fill*         0x000000000800539c        0x4 
 .rodata        0x00000000080053a0      0x188 out/radio.o
                0x00000000080053a0                FskBandwidths
                0x00000000080054b0                Bandwidths
                0x00000000080054bc                Radio
 .rodata        0x0000000008005528       0x11 out/sx126x.o
 .rodata        0x0000000008005539       0x18 out/rtc-board.o
 *fill*         0x0000000008005551        0x3 
 .rodata        0x0000000008005554        0x4 /usr/lib/gcc/arm-none-eabi/9.2.1/../../../arm-none-eabi/lib/thumb/v7e-m/nofp/libc.a(lib_a-impure.o)
                0x0000000008005554                _global_impure_ptr
 .rodata        0x0000000008005558       0x10 /usr/lib/gcc/arm-none-eabi/9.2.1/../../../arm-none-eabi/lib/thumb/v7e-m/nofp/libm.a(lib_a-s_rint.o)
 *(.rodata*)
 .rodata.str1.1
                0x0000000008005568       0xab out/pingpong.o
 .rodata.str1.1
                0x0000000008005613        0xd out/main.o
 .rodata.str1.1
                0x0000000008005620       0x19 out/printf-stdarg.o
                0x000000000800563c                . = ALIGN (0x4)
 *fill*         0x0000000008005639        0x3 

.ARM.extab
 *(.ARM.extab* .gnu.linkonce.armextab.*)

.ARM            0x000000000800563c        0x8
                0x000000000800563c                __exidx_start = .
 *(.ARM.exidx*)
 .ARM.exidx     0x000000000800563c        0x8 /usr/lib/gcc/arm-none-eabi/9.2.1/thumb/v7e-m/nofp/libgcc.a(_udivmoddi4.o)
                0x0000000008005644                __exidx_end = .

.rel.dyn        0x0000000008005644        0x0
 .rel.iplt      0x0000000008005644        0x0 /usr/lib/gcc/arm-none-eabi/9.2.1/thumb/v7e-m/nofp/crtbegin.o

.preinit_array  0x0000000008005644        0x0
                0x0000000008005644                PROVIDE (__preinit_array_start = .)
 *(.preinit_array*)
                0x0000000008005644                PROVIDE (__preinit_array_end = .)

.init_array     0x0000000008005644        0x8
                0x0000000008005644                PROVIDE (__init_array_start = .)
 *(SORT_BY_NAME(.init_array.*))
 .init_array.00000
                0x0000000008005644        0x4 /usr/lib/gcc/arm-none-eabi/9.2.1/../../../arm-none-eabi/lib/thumb/v7e-m/nofp/libc.a(lib_a-__call_atexit.o)
 *(.init_array*)
 .init_array    0x0000000008005648        0x4 /usr/lib/gcc/arm-none-eabi/9.2.1/thumb/v7e-m/nofp/crtbegin.o
                0x000000000800564c                PROVIDE (__init_array_end = .)

.fini_array     0x000000000800564c        0x4
                0x000000000800564c                PROVIDE (__fini_array_start = .)
 *(SORT_BY_NAME(.fini_array.*))
 *(.fini_array*)
 .fini_array    0x000000000800564c        0x4 /usr/lib/gcc/arm-none-eabi/9.2.1/thumb/v7e-m/nofp/crtbegin.o
                0x0000000008005650                PROVIDE (__fini_array_end = .)
                0x0000000008005650                _sidata = LOADADDR (.data)

.data           0x0000000020000000      0x448 load address 0x0000000008005650
                0x0000000020000000                . = ALIGN (0x4)
                0x0000000020000000                _sdata = .
 *(.data)
 .data          0x0000000020000000        0x8 out/pingpong.o
                0x0000000020000000                Buffer
                0x0000000020000006                BufferSize
 .data          0x0000000020000008        0x8 out/main.o
                0x0000000020000008                Signal_LED
                0x0000000020000009                g_test_pin
                0x000000002000000c                g_test_gpiox
 .data          0x0000000020000010        0x1 out/radio.o
                0x0000000020000010                MaxPayloadLength
 *fill*         0x0000000020000011        0x3 
 .data          0x0000000020000014        0x4 out/utilities.o
 .data          0x0000000020000018      0x430 /usr/lib/gcc/arm-none-eabi/9.2.1/../../../arm-none-eabi/lib/thumb/v7e-m/nofp/libc.a(lib_a-impure.o)
                0x0000000020000018                _impure_ptr
 *(.data*)
                0x0000000020000448                . = ALIGN (0x4)
                0x0000000020000448                _edata = .

.tm_clone_table
                0x0000000020000448        0x0 load address 0x0000000008005a98
 .tm_clone_table
                0x0000000020000448        0x0 /usr/lib/gcc/arm-none-eabi/9.2.1/thumb/v7e-m/nofp/crtbegin.o
 .tm_clone_table
                0x0000000020000448        0x0 /usr/lib/gcc/arm-none-eabi/9.2.1/thumb/v7e-m/nofp/crtend.o

.igot.plt       0x0000000020000448        0x0 load address 0x0000000008005a98
 .igot.plt      0x0000000020000448        0x0 /usr/lib/gcc/arm-none-eabi/9.2.1/thumb/v7e-m/nofp/crtbegin.o
                0x0000000020000448                . = ALIGN (0x4)

.bss            0x0000000020000448      0x238 load address 0x0000000008005a98
                0x0000000020000448                _sbss = .
                0x0000000020000448                __bss_start__ = _sbss
 *(.bss)
 .bss           0x0000000020000448       0x1c /usr/lib/gcc/arm-none-eabi/9.2.1/thumb/v7e-m/nofp/crtbegin.o
 .bss           0x0000000020000464       0x2e out/pingpong.o
                0x0000000020000464                State
                0x0000000020000465                txdone
                0x0000000020000468                ChipId
                0x000000002000048c                g_gpio_interrupt_flag
                0x000000002000048d                v_send_data
                0x000000002000048e                v_resend_data
                0x000000002000048f                RssiValue
                0x0000000020000490                SnrValue
                0x0000000020000491                check_PONG2
 .bss           0x0000000020000492        0x3 out/main.o
                0x0000000020000492                gss
                0x0000000020000493                gss1
                0x0000000020000494                count
 .bss           0x0000000020000495        0x1 out/tremo_delay.o
 *fill*         0x0000000020000496        0x2 
 .bss           0x0000000020000498       0x11 out/timer.o
                0x00000000200004a8                HasLoopedThroughMain
 *fill*         0x00000000200004a9        0x3 
 .bss           0x00000000200004ac       0x16 out/radio.o
                0x00000000200004b0                IrqFired
                0x00000000200004b4                TxTimeout
                0x00000000200004b8                RxContinuous
                0x00000000200004bc                RxTimeout
 *fill*         0x00000000200004c2        0x2 
 .bss           0x00000000200004c4        0x8 out/sx126x.o
                0x00000000200004c8                FrequencyError
 .bss           0x00000000200004cc        0x9 out/rtc-board.o
                0x00000000200004d0                McuWakeUpTime
                0x00000000200004d4                NonScheduledWakeUp
 .bss           0x00000000200004d5        0x1 out/sx1262-board.o
                0x00000000200004d5                gPaOptSetting
 *(.bss*)
 *(COMMON)
 *fill*         0x00000000200004d6        0x2 
 COMMON         0x00000000200004d8      0x190 out/radio.o
                0x00000000200004d8                irqRegs
                0x00000000200004dc                SX126x
                0x0000000020000518                TxTimeoutTimer
                0x000000002000052c                RadioRxPayload
                0x000000002000062c                CadTimeoutTimer
                0x0000000020000640                RadioPktStatus
                0x0000000020000654                RxTimeoutTimer
 COMMON         0x0000000020000668       0x18 out/rtc-board.o
                0x0000000020000668                RtcCalendarContext
                0x0000000020000678                RtcTimerContext
                0x0000000020000680                . = ALIGN (0x4)
                0x0000000020000680                _ebss = .
                0x0000000020000680                __bss_end__ = _ebss

.heap           0x0000000020000680        0x0 load address 0x0000000008005a98
                0x0000000020000680                . = ALIGN (0x4)
                0x0000000020000680                _heap_bottom = .
                0x0000000020000680                end = _heap_bottom
                0x0000000020000680                _end = end
                0x0000000020000680                __end = end
                0x0000000020000680                . = (. + _HEAP_SIZE)
                0x0000000020000680                _heap_top = .

.stack          0x0000000020000680     0x1000 load address 0x0000000008005a98
                0x0000000020000680                . = ALIGN (0x4)
                0x0000000020000680                _stack_bottom = .
                0x0000000020001680                . = (. + _STACK_SIZE)
 *fill*         0x0000000020000680     0x1000 
                0x0000000020001680                _stack_top = .

/DISCARD/
 libc.a(*)
 libm.a(*)
 libgcc.a(*)

.ARM.attributes
                0x0000000000000000       0x2e
 *(.ARM.attributes)
 .ARM.attributes
                0x0000000000000000       0x1e /usr/lib/gcc/arm-none-eabi/9.2.1/thumb/v7e-m/nofp/crti.o
 .ARM.attributes
                0x000000000000001e       0x2e /usr/lib/gcc/arm-none-eabi/9.2.1/thumb/v7e-m/nofp/crtbegin.o
 .ARM.attributes
                0x000000000000004c       0x32 out/tremo_it.o
 .ARM.attributes
                0x000000000000007e       0x32 out/pingpong.o
 .ARM.attributes
                0x00000000000000b0       0x32 out/main.o
 .ARM.attributes
                0x00000000000000e2       0x32 out/printf-stdarg.o
 .ARM.attributes
                0x0000000000000114       0x32 out/system_cm4.o
 .ARM.attributes
                0x0000000000000146       0x32 out/tremo_uart.o
 .ARM.attributes
                0x0000000000000178       0x32 out/tremo_gpio.o
 .ARM.attributes
                0x00000000000001aa       0x32 out/tremo_system.o
 .ARM.attributes
                0x00000000000001dc       0x32 out/tremo_timer.o
 .ARM.attributes
                0x000000000000020e       0x32 out/tremo_delay.o
 .ARM.attributes
                0x0000000000000240       0x32 out/tremo_rtc.o
 .ARM.attributes
                0x0000000000000272       0x32 out/tremo_pwr.o
 .ARM.attributes
                0x00000000000002a4       0x32 out/tremo_rcc.o
 .ARM.attributes
                0x00000000000002d6       0x32 out/delay.o
 .ARM.attributes
                0x0000000000000308       0x32 out/timer.o
 .ARM.attributes
                0x000000000000033a       0x32 out/radio.o
 .ARM.attributes
                0x000000000000036c       0x32 out/sx126x.o
 .ARM.attributes
                0x000000000000039e       0x32 out/utilities.o
 .ARM.attributes
                0x00000000000003d0       0x32 out/rtc-board.o
 .ARM.attributes
                0x0000000000000402       0x32 out/sx1262-board.o
 .ARM.attributes
                0x0000000000000434       0x21 out/startup_cm4.o
 .ARM.attributes
                0x0000000000000455       0x1e /usr/lib/gcc/arm-none-eabi/9.2.1/thumb/v7e-m/nofp/libgcc.a(_arm_addsubdf3.o)
 .ARM.attributes
                0x0000000000000473       0x1e /usr/lib/gcc/arm-none-eabi/9.2.1/thumb/v7e-m/nofp/libgcc.a(_arm_muldivdf3.o)
 .ARM.attributes
                0x0000000000000491       0x1e /usr/lib/gcc/arm-none-eabi/9.2.1/thumb/v7e-m/nofp/libgcc.a(_arm_cmpdf2.o)
 .ARM.attributes
                0x00000000000004af       0x1e /usr/lib/gcc/arm-none-eabi/9.2.1/thumb/v7e-m/nofp/libgcc.a(_arm_fixdfsi.o)
 .ARM.attributes
                0x00000000000004cd       0x1e /usr/lib/gcc/arm-none-eabi/9.2.1/thumb/v7e-m/nofp/libgcc.a(_arm_fixunsdfsi.o)
 .ARM.attributes
                0x00000000000004eb       0x1e /usr/lib/gcc/arm-none-eabi/9.2.1/thumb/v7e-m/nofp/libgcc.a(_aeabi_uldivmod.o)
 .ARM.attributes
                0x0000000000000509       0x2e /usr/lib/gcc/arm-none-eabi/9.2.1/thumb/v7e-m/nofp/libgcc.a(_fixunsdfdi.o)
 .ARM.attributes
                0x0000000000000537       0x2e /usr/lib/gcc/arm-none-eabi/9.2.1/thumb/v7e-m/nofp/libgcc.a(_udivmoddi4.o)
 .ARM.attributes
                0x0000000000000565       0x1e /usr/lib/gcc/arm-none-eabi/9.2.1/thumb/v7e-m/nofp/libgcc.a(_dvmd_tls.o)
 .ARM.attributes
                0x0000000000000583       0x2e /usr/lib/gcc/arm-none-eabi/9.2.1/../../../arm-none-eabi/lib/thumb/v7e-m/nofp/libc.a(lib_a-atexit.o)
 .ARM.attributes
                0x00000000000005b1       0x2e /usr/lib/gcc/arm-none-eabi/9.2.1/../../../arm-none-eabi/lib/thumb/v7e-m/nofp/libc.a(lib_a-fini.o)
 .ARM.attributes
                0x00000000000005df       0x2e /usr/lib/gcc/arm-none-eabi/9.2.1/../../../arm-none-eabi/lib/thumb/v7e-m/nofp/libc.a(lib_a-impure.o)
 .ARM.attributes
                0x000000000000060d       0x2e /usr/lib/gcc/arm-none-eabi/9.2.1/../../../arm-none-eabi/lib/thumb/v7e-m/nofp/libc.a(lib_a-init.o)
 .ARM.attributes
                0x000000000000063b       0x1c /usr/lib/gcc/arm-none-eabi/9.2.1/../../../arm-none-eabi/lib/thumb/v7e-m/nofp/libc.a(lib_a-memcpy.o)
 .ARM.attributes
                0x0000000000000657       0x2e /usr/lib/gcc/arm-none-eabi/9.2.1/../../../arm-none-eabi/lib/thumb/v7e-m/nofp/libc.a(lib_a-memset.o)
 .ARM.attributes
                0x0000000000000685       0x2e /usr/lib/gcc/arm-none-eabi/9.2.1/../../../arm-none-eabi/lib/thumb/v7e-m/nofp/libc.a(lib_a-strncmp.o)
 .ARM.attributes
                0x00000000000006b3       0x2e /usr/lib/gcc/arm-none-eabi/9.2.1/../../../arm-none-eabi/lib/thumb/v7e-m/nofp/libc.a(lib_a-__atexit.o)
 .ARM.attributes
                0x00000000000006e1       0x2e /usr/lib/gcc/arm-none-eabi/9.2.1/../../../arm-none-eabi/lib/thumb/v7e-m/nofp/libc.a(lib_a-__call_atexit.o)
 .ARM.attributes
                0x000000000000070f       0x2e /usr/lib/gcc/arm-none-eabi/9.2.1/thumb/v7e-m/nofp/crtend.o
 .ARM.attributes
                0x000000000000073d       0x1e /usr/lib/gcc/arm-none-eabi/9.2.1/thumb/v7e-m/nofp/crtn.o
OUTPUT(out/node_development_finalfantasy6.elf elf32-littlearm)
LOAD linker stubs
LOAD /usr/lib/gcc/arm-none-eabi/9.2.1/../../../arm-none-eabi/lib/thumb/v7e-m/nofp/libc.a
LOAD /usr/lib/gcc/arm-none-eabi/9.2.1/../../../arm-none-eabi/lib/thumb/v7e-m/nofp/libm.a
LOAD /usr/lib/gcc/arm-none-eabi/9.2.1/thumb/v7e-m/nofp/libgcc.a

.comment        0x0000000000000000       0xa7
 .comment       0x0000000000000000       0x59 /usr/lib/gcc/arm-none-eabi/9.2.1/thumb/v7e-m/nofp/crtbegin.o
                                         0x5a (size before relaxing)
 .comment       0x0000000000000059       0x5a out/tremo_it.o
 .comment       0x0000000000000059       0x5a out/pingpong.o
 .comment       0x0000000000000059       0x5a out/main.o
 .comment       0x0000000000000059       0x5a out/printf-stdarg.o
 .comment       0x0000000000000059       0x5a out/system_cm4.o
 .comment       0x0000000000000059       0x5a out/tremo_uart.o
 .comment       0x0000000000000059       0x5a out/tremo_gpio.o
 .comment       0x0000000000000059       0x5a out/tremo_system.o
 .comment       0x0000000000000059       0x5a out/tremo_timer.o
 .comment       0x0000000000000059       0x5a out/tremo_delay.o
 .comment       0x0000000000000059       0x5a out/tremo_rtc.o
 .comment       0x0000000000000059       0x5a out/tremo_pwr.o
 .comment       0x0000000000000059       0x5a out/tremo_rcc.o
 .comment       0x0000000000000059       0x5a out/delay.o
 .comment       0x0000000000000059       0x5a out/timer.o
 .comment       0x0000000000000059       0x5a out/radio.o
 .comment       0x0000000000000059       0x5a out/sx126x.o
 .comment       0x0000000000000059       0x5a out/utilities.o
 .comment       0x0000000000000059       0x5a out/rtc-board.o
 .comment       0x0000000000000059       0x5a out/sx1262-board.o
 .comment       0x0000000000000059       0x5a /usr/lib/gcc/arm-none-eabi/9.2.1/thumb/v7e-m/nofp/libgcc.a(_fixunsdfdi.o)
 .comment       0x0000000000000059       0x5a /usr/lib/gcc/arm-none-eabi/9.2.1/thumb/v7e-m/nofp/libgcc.a(_udivmoddi4.o)
 .comment       0x0000000000000059       0x4e /usr/lib/gcc/arm-none-eabi/9.2.1/../../../arm-none-eabi/lib/thumb/v7e-m/nofp/libc.a(lib_a-atexit.o)
                                         0x4f (size before relaxing)
 .comment       0x00000000000000a7       0x4f /usr/lib/gcc/arm-none-eabi/9.2.1/../../../arm-none-eabi/lib/thumb/v7e-m/nofp/libc.a(lib_a-fini.o)
 .comment       0x00000000000000a7       0x4f /usr/lib/gcc/arm-none-eabi/9.2.1/../../../arm-none-eabi/lib/thumb/v7e-m/nofp/libc.a(lib_a-impure.o)
 .comment       0x00000000000000a7       0x4f /usr/lib/gcc/arm-none-eabi/9.2.1/../../../arm-none-eabi/lib/thumb/v7e-m/nofp/libc.a(lib_a-init.o)
 .comment       0x00000000000000a7       0x4f /usr/lib/gcc/arm-none-eabi/9.2.1/../../../arm-none-eabi/lib/thumb/v7e-m/nofp/libc.a(lib_a-memset.o)
 .comment       0x00000000000000a7       0x4f /usr/lib/gcc/arm-none-eabi/9.2.1/../../../arm-none-eabi/lib/thumb/v7e-m/nofp/libc.a(lib_a-strncmp.o)
 .comment       0x00000000000000a7       0x4f /usr/lib/gcc/arm-none-eabi/9.2.1/../../../arm-none-eabi/lib/thumb/v7e-m/nofp/libc.a(lib_a-__atexit.o)
 .comment       0x00000000000000a7       0x4f /usr/lib/gcc/arm-none-eabi/9.2.1/../../../arm-none-eabi/lib/thumb/v7e-m/nofp/libc.a(lib_a-__call_atexit.o)
 .comment       0x00000000000000a7       0x5a /usr/lib/gcc/arm-none-eabi/9.2.1/thumb/v7e-m/nofp/crtend.o

.debug_line     0x0000000000000000     0x1a54
 .debug_line    0x0000000000000000      0x186 /usr/lib/gcc/arm-none-eabi/9.2.1/thumb/v7e-m/nofp/libgcc.a(_arm_addsubdf3.o)
 .debug_line    0x0000000000000186      0x19b /usr/lib/gcc/arm-none-eabi/9.2.1/thumb/v7e-m/nofp/libgcc.a(_arm_muldivdf3.o)
 .debug_line    0x0000000000000321       0xbd /usr/lib/gcc/arm-none-eabi/9.2.1/thumb/v7e-m/nofp/libgcc.a(_arm_cmpdf2.o)
 .debug_line    0x00000000000003de       0x79 /usr/lib/gcc/arm-none-eabi/9.2.1/thumb/v7e-m/nofp/libgcc.a(_arm_fixdfsi.o)
 .debug_line    0x0000000000000457       0x75 /usr/lib/gcc/arm-none-eabi/9.2.1/thumb/v7e-m/nofp/libgcc.a(_arm_fixunsdfsi.o)
 .debug_line    0x00000000000004cc       0x60 /usr/lib/gcc/arm-none-eabi/9.2.1/thumb/v7e-m/nofp/libgcc.a(_aeabi_uldivmod.o)
 .debug_line    0x000000000000052c      0x133 /usr/lib/gcc/arm-none-eabi/9.2.1/thumb/v7e-m/nofp/libgcc.a(_fixunsdfdi.o)
 .debug_line    0x000000000000065f      0x610 /usr/lib/gcc/arm-none-eabi/9.2.1/thumb/v7e-m/nofp/libgcc.a(_udivmoddi4.o)
 .debug_line    0x0000000000000c6f       0x60 /usr/lib/gcc/arm-none-eabi/9.2.1/thumb/v7e-m/nofp/libgcc.a(_dvmd_tls.o)
 .debug_line    0x0000000000000ccf      0x14a /usr/lib/gcc/arm-none-eabi/9.2.1/../../../arm-none-eabi/lib/thumb/v7e-m/nofp/libc.a(lib_a-atexit.o)
 .debug_line    0x0000000000000e19       0xd7 /usr/lib/gcc/arm-none-eabi/9.2.1/../../../arm-none-eabi/lib/thumb/v7e-m/nofp/libc.a(lib_a-fini.o)
 .debug_line    0x0000000000000ef0       0xe3 /usr/lib/gcc/arm-none-eabi/9.2.1/../../../arm-none-eabi/lib/thumb/v7e-m/nofp/libc.a(lib_a-impure.o)
 .debug_line    0x0000000000000fd3      0x10d /usr/lib/gcc/arm-none-eabi/9.2.1/../../../arm-none-eabi/lib/thumb/v7e-m/nofp/libc.a(lib_a-init.o)
 .debug_line    0x00000000000010e0       0xbe /usr/lib/gcc/arm-none-eabi/9.2.1/../../../arm-none-eabi/lib/thumb/v7e-m/nofp/libc.a(lib_a-memcpy.o)
 .debug_line    0x000000000000119e      0x26b /usr/lib/gcc/arm-none-eabi/9.2.1/../../../arm-none-eabi/lib/thumb/v7e-m/nofp/libc.a(lib_a-memset.o)
 .debug_line    0x0000000000001409      0x232 /usr/lib/gcc/arm-none-eabi/9.2.1/../../../arm-none-eabi/lib/thumb/v7e-m/nofp/libc.a(lib_a-strncmp.o)
 .debug_line    0x000000000000163b      0x1e1 /usr/lib/gcc/arm-none-eabi/9.2.1/../../../arm-none-eabi/lib/thumb/v7e-m/nofp/libc.a(lib_a-__atexit.o)
 .debug_line    0x000000000000181c      0x238 /usr/lib/gcc/arm-none-eabi/9.2.1/../../../arm-none-eabi/lib/thumb/v7e-m/nofp/libc.a(lib_a-__call_atexit.o)

.debug_info     0x0000000000000000     0x59d5
 .debug_info    0x0000000000000000       0x26 /usr/lib/gcc/arm-none-eabi/9.2.1/thumb/v7e-m/nofp/libgcc.a(_arm_addsubdf3.o)
 .debug_info    0x0000000000000026       0x26 /usr/lib/gcc/arm-none-eabi/9.2.1/thumb/v7e-m/nofp/libgcc.a(_arm_muldivdf3.o)
 .debug_info    0x000000000000004c       0x26 /usr/lib/gcc/arm-none-eabi/9.2.1/thumb/v7e-m/nofp/libgcc.a(_arm_cmpdf2.o)
 .debug_info    0x0000000000000072       0x26 /usr/lib/gcc/arm-none-eabi/9.2.1/thumb/v7e-m/nofp/libgcc.a(_arm_fixdfsi.o)
 .debug_info    0x0000000000000098       0x26 /usr/lib/gcc/arm-none-eabi/9.2.1/thumb/v7e-m/nofp/libgcc.a(_arm_fixunsdfsi.o)
 .debug_info    0x00000000000000be       0x26 /usr/lib/gcc/arm-none-eabi/9.2.1/thumb/v7e-m/nofp/libgcc.a(_aeabi_uldivmod.o)
 .debug_info    0x00000000000000e4      0x96d /usr/lib/gcc/arm-none-eabi/9.2.1/thumb/v7e-m/nofp/libgcc.a(_fixunsdfdi.o)
 .debug_info    0x0000000000000a51      0xd7c /usr/lib/gcc/arm-none-eabi/9.2.1/thumb/v7e-m/nofp/libgcc.a(_udivmoddi4.o)
 .debug_info    0x00000000000017cd       0x26 /usr/lib/gcc/arm-none-eabi/9.2.1/thumb/v7e-m/nofp/libgcc.a(_dvmd_tls.o)
 .debug_info    0x00000000000017f3      0x995 /usr/lib/gcc/arm-none-eabi/9.2.1/../../../arm-none-eabi/lib/thumb/v7e-m/nofp/libc.a(lib_a-atexit.o)
 .debug_info    0x0000000000002188      0x102 /usr/lib/gcc/arm-none-eabi/9.2.1/../../../arm-none-eabi/lib/thumb/v7e-m/nofp/libc.a(lib_a-fini.o)
 .debug_info    0x000000000000228a      0x92a /usr/lib/gcc/arm-none-eabi/9.2.1/../../../arm-none-eabi/lib/thumb/v7e-m/nofp/libc.a(lib_a-impure.o)
 .debug_info    0x0000000000002bb4      0x11a /usr/lib/gcc/arm-none-eabi/9.2.1/../../../arm-none-eabi/lib/thumb/v7e-m/nofp/libc.a(lib_a-init.o)
 .debug_info    0x0000000000002cce       0x26 /usr/lib/gcc/arm-none-eabi/9.2.1/../../../arm-none-eabi/lib/thumb/v7e-m/nofp/libc.a(lib_a-memcpy.o)
 .debug_info    0x0000000000002cf4      0xf21 /usr/lib/gcc/arm-none-eabi/9.2.1/../../../arm-none-eabi/lib/thumb/v7e-m/nofp/libc.a(lib_a-memset.o)
 .debug_info    0x0000000000003c15      0x995 /usr/lib/gcc/arm-none-eabi/9.2.1/../../../arm-none-eabi/lib/thumb/v7e-m/nofp/libc.a(lib_a-strncmp.o)
 .debug_info    0x00000000000045aa      0x9d5 /usr/lib/gcc/arm-none-eabi/9.2.1/../../../arm-none-eabi/lib/thumb/v7e-m/nofp/libc.a(lib_a-__atexit.o)
 .debug_info    0x0000000000004f7f      0xa56 /usr/lib/gcc/arm-none-eabi/9.2.1/../../../arm-none-eabi/lib/thumb/v7e-m/nofp/libc.a(lib_a-__call_atexit.o)

.debug_abbrev   0x0000000000000000     0x1239
 .debug_abbrev  0x0000000000000000       0x14 /usr/lib/gcc/arm-none-eabi/9.2.1/thumb/v7e-m/nofp/libgcc.a(_arm_addsubdf3.o)
 .debug_abbrev  0x0000000000000014       0x14 /usr/lib/gcc/arm-none-eabi/9.2.1/thumb/v7e-m/nofp/libgcc.a(_arm_muldivdf3.o)
 .debug_abbrev  0x0000000000000028       0x14 /usr/lib/gcc/arm-none-eabi/9.2.1/thumb/v7e-m/nofp/libgcc.a(_arm_cmpdf2.o)
 .debug_abbrev  0x000000000000003c       0x14 /usr/lib/gcc/arm-none-eabi/9.2.1/thumb/v7e-m/nofp/libgcc.a(_arm_fixdfsi.o)
 .debug_abbrev  0x0000000000000050       0x14 /usr/lib/gcc/arm-none-eabi/9.2.1/thumb/v7e-m/nofp/libgcc.a(_arm_fixunsdfsi.o)
 .debug_abbrev  0x0000000000000064       0x14 /usr/lib/gcc/arm-none-eabi/9.2.1/thumb/v7e-m/nofp/libgcc.a(_aeabi_uldivmod.o)
 .debug_abbrev  0x0000000000000078      0x14f /usr/lib/gcc/arm-none-eabi/9.2.1/thumb/v7e-m/nofp/libgcc.a(_fixunsdfdi.o)
 .debug_abbrev  0x00000000000001c7      0x1c2 /usr/lib/gcc/arm-none-eabi/9.2.1/thumb/v7e-m/nofp/libgcc.a(_udivmoddi4.o)
 .debug_abbrev  0x0000000000000389       0x14 /usr/lib/gcc/arm-none-eabi/9.2.1/thumb/v7e-m/nofp/libgcc.a(_dvmd_tls.o)
 .debug_abbrev  0x000000000000039d      0x232 /usr/lib/gcc/arm-none-eabi/9.2.1/../../../arm-none-eabi/lib/thumb/v7e-m/nofp/libc.a(lib_a-atexit.o)
 .debug_abbrev  0x00000000000005cf       0xcf /usr/lib/gcc/arm-none-eabi/9.2.1/../../../arm-none-eabi/lib/thumb/v7e-m/nofp/libc.a(lib_a-fini.o)
 .debug_abbrev  0x000000000000069e      0x1b8 /usr/lib/gcc/arm-none-eabi/9.2.1/../../../arm-none-eabi/lib/thumb/v7e-m/nofp/libc.a(lib_a-impure.o)
 .debug_abbrev  0x0000000000000856       0xcc /usr/lib/gcc/arm-none-eabi/9.2.1/../../../arm-none-eabi/lib/thumb/v7e-m/nofp/libc.a(lib_a-init.o)
 .debug_abbrev  0x0000000000000922       0x14 /usr/lib/gcc/arm-none-eabi/9.2.1/../../../arm-none-eabi/lib/thumb/v7e-m/nofp/libc.a(lib_a-memcpy.o)
 .debug_abbrev  0x0000000000000936      0x217 /usr/lib/gcc/arm-none-eabi/9.2.1/../../../arm-none-eabi/lib/thumb/v7e-m/nofp/libc.a(lib_a-memset.o)
 .debug_abbrev  0x0000000000000b4d      0x1e8 /usr/lib/gcc/arm-none-eabi/9.2.1/../../../arm-none-eabi/lib/thumb/v7e-m/nofp/libc.a(lib_a-strncmp.o)
 .debug_abbrev  0x0000000000000d35      0x252 /usr/lib/gcc/arm-none-eabi/9.2.1/../../../arm-none-eabi/lib/thumb/v7e-m/nofp/libc.a(lib_a-__atexit.o)
 .debug_abbrev  0x0000000000000f87      0x2b2 /usr/lib/gcc/arm-none-eabi/9.2.1/../../../arm-none-eabi/lib/thumb/v7e-m/nofp/libc.a(lib_a-__call_atexit.o)

.debug_aranges  0x0000000000000000      0x240
 .debug_aranges
                0x0000000000000000       0x20 /usr/lib/gcc/arm-none-eabi/9.2.1/thumb/v7e-m/nofp/libgcc.a(_arm_addsubdf3.o)
 .debug_aranges
                0x0000000000000020       0x20 /usr/lib/gcc/arm-none-eabi/9.2.1/thumb/v7e-m/nofp/libgcc.a(_arm_muldivdf3.o)
 .debug_aranges
                0x0000000000000040       0x20 /usr/lib/gcc/arm-none-eabi/9.2.1/thumb/v7e-m/nofp/libgcc.a(_arm_cmpdf2.o)
 .debug_aranges
                0x0000000000000060       0x20 /usr/lib/gcc/arm-none-eabi/9.2.1/thumb/v7e-m/nofp/libgcc.a(_arm_fixdfsi.o)
 .debug_aranges
                0x0000000000000080       0x20 /usr/lib/gcc/arm-none-eabi/9.2.1/thumb/v7e-m/nofp/libgcc.a(_arm_fixunsdfsi.o)
 .debug_aranges
                0x00000000000000a0       0x20 /usr/lib/gcc/arm-none-eabi/9.2.1/thumb/v7e-m/nofp/libgcc.a(_aeabi_uldivmod.o)
 .debug_aranges
                0x00000000000000c0       0x20 /usr/lib/gcc/arm-none-eabi/9.2.1/thumb/v7e-m/nofp/libgcc.a(_fixunsdfdi.o)
 .debug_aranges
                0x00000000000000e0       0x20 /usr/lib/gcc/arm-none-eabi/9.2.1/thumb/v7e-m/nofp/libgcc.a(_udivmoddi4.o)
 .debug_aranges
                0x0000000000000100       0x20 /usr/lib/gcc/arm-none-eabi/9.2.1/thumb/v7e-m/nofp/libgcc.a(_dvmd_tls.o)
 .debug_aranges
                0x0000000000000120       0x20 /usr/lib/gcc/arm-none-eabi/9.2.1/../../../arm-none-eabi/lib/thumb/v7e-m/nofp/libc.a(lib_a-atexit.o)
 .debug_aranges
                0x0000000000000140       0x20 /usr/lib/gcc/arm-none-eabi/9.2.1/../../../arm-none-eabi/lib/thumb/v7e-m/nofp/libc.a(lib_a-fini.o)
 .debug_aranges
                0x0000000000000160       0x18 /usr/lib/gcc/arm-none-eabi/9.2.1/../../../arm-none-eabi/lib/thumb/v7e-m/nofp/libc.a(lib_a-impure.o)
 .debug_aranges
                0x0000000000000178       0x20 /usr/lib/gcc/arm-none-eabi/9.2.1/../../../arm-none-eabi/lib/thumb/v7e-m/nofp/libc.a(lib_a-init.o)
 .debug_aranges
                0x0000000000000198       0x20 /usr/lib/gcc/arm-none-eabi/9.2.1/../../../arm-none-eabi/lib/thumb/v7e-m/nofp/libc.a(lib_a-memcpy.o)
 .debug_aranges
                0x00000000000001b8       0x20 /usr/lib/gcc/arm-none-eabi/9.2.1/../../../arm-none-eabi/lib/thumb/v7e-m/nofp/libc.a(lib_a-memset.o)
 .debug_aranges
                0x00000000000001d8       0x20 /usr/lib/gcc/arm-none-eabi/9.2.1/../../../arm-none-eabi/lib/thumb/v7e-m/nofp/libc.a(lib_a-strncmp.o)
 .debug_aranges
                0x00000000000001f8       0x20 /usr/lib/gcc/arm-none-eabi/9.2.1/../../../arm-none-eabi/lib/thumb/v7e-m/nofp/libc.a(lib_a-__atexit.o)
 .debug_aranges
                0x0000000000000218       0x28 /usr/lib/gcc/arm-none-eabi/9.2.1/../../../arm-none-eabi/lib/thumb/v7e-m/nofp/libc.a(lib_a-__call_atexit.o)

.debug_str      0x0000000000000000     0x1ed5
 .debug_str     0x0000000000000000       0xa5 /usr/lib/gcc/arm-none-eabi/9.2.1/thumb/v7e-m/nofp/libgcc.a(_arm_addsubdf3.o)
 .debug_str     0x00000000000000a5       0xa5 /usr/lib/gcc/arm-none-eabi/9.2.1/thumb/v7e-m/nofp/libgcc.a(_arm_muldivdf3.o)
 .debug_str     0x00000000000000a5       0xa5 /usr/lib/gcc/arm-none-eabi/9.2.1/thumb/v7e-m/nofp/libgcc.a(_arm_cmpdf2.o)
 .debug_str     0x00000000000000a5       0xa5 /usr/lib/gcc/arm-none-eabi/9.2.1/thumb/v7e-m/nofp/libgcc.a(_arm_fixdfsi.o)
 .debug_str     0x00000000000000a5       0xa5 /usr/lib/gcc/arm-none-eabi/9.2.1/thumb/v7e-m/nofp/libgcc.a(_arm_fixunsdfsi.o)
 .debug_str     0x00000000000000a5       0x2c /usr/lib/gcc/arm-none-eabi/9.2.1/thumb/v7e-m/nofp/libgcc.a(_aeabi_uldivmod.o)
                                         0xa0 (size before relaxing)
 .debug_str     0x00000000000000d1     0x10fb /usr/lib/gcc/arm-none-eabi/9.2.1/thumb/v7e-m/nofp/libgcc.a(_fixunsdfdi.o)
                                       0x1193 (size before relaxing)
 .debug_str     0x00000000000011cc      0x11c /usr/lib/gcc/arm-none-eabi/9.2.1/thumb/v7e-m/nofp/libgcc.a(_udivmoddi4.o)
                                       0x11e0 (size before relaxing)
 .debug_str     0x00000000000012e8       0x30 /usr/lib/gcc/arm-none-eabi/9.2.1/thumb/v7e-m/nofp/libgcc.a(_dvmd_tls.o)
                                         0xa4 (size before relaxing)
 .debug_str     0x0000000000001318      0x514 /usr/lib/gcc/arm-none-eabi/9.2.1/../../../arm-none-eabi/lib/thumb/v7e-m/nofp/libc.a(lib_a-atexit.o)
                                        0x5e5 (size before relaxing)
 .debug_str     0x000000000000182c       0xc5 /usr/lib/gcc/arm-none-eabi/9.2.1/../../../arm-none-eabi/lib/thumb/v7e-m/nofp/libc.a(lib_a-fini.o)
                                        0x1f4 (size before relaxing)
 .debug_str     0x00000000000018f1       0x98 /usr/lib/gcc/arm-none-eabi/9.2.1/../../../arm-none-eabi/lib/thumb/v7e-m/nofp/libc.a(lib_a-impure.o)
                                        0x59a (size before relaxing)
 .debug_str     0x0000000000001989       0x96 /usr/lib/gcc/arm-none-eabi/9.2.1/../../../arm-none-eabi/lib/thumb/v7e-m/nofp/libc.a(lib_a-init.o)
                                        0x21e (size before relaxing)
 .debug_str     0x0000000000001a1f       0xa2 /usr/lib/gcc/arm-none-eabi/9.2.1/../../../arm-none-eabi/lib/thumb/v7e-m/nofp/libc.a(lib_a-memcpy.o)
                                         0xae (size before relaxing)
 .debug_str     0x0000000000001ac1      0x314 /usr/lib/gcc/arm-none-eabi/9.2.1/../../../arm-none-eabi/lib/thumb/v7e-m/nofp/libc.a(lib_a-memset.o)
                                        0x8c7 (size before relaxing)
 .debug_str     0x0000000000001dd5       0x3d /usr/lib/gcc/arm-none-eabi/9.2.1/../../../arm-none-eabi/lib/thumb/v7e-m/nofp/libc.a(lib_a-strncmp.o)
                                        0x5a0 (size before relaxing)
 .debug_str     0x0000000000001e12       0x4f /usr/lib/gcc/arm-none-eabi/9.2.1/../../../arm-none-eabi/lib/thumb/v7e-m/nofp/libc.a(lib_a-__atexit.o)
                                        0x603 (size before relaxing)
 .debug_str     0x0000000000001e61       0x74 /usr/lib/gcc/arm-none-eabi/9.2.1/../../../arm-none-eabi/lib/thumb/v7e-m/nofp/libc.a(lib_a-__call_atexit.o)
                                        0x616 (size before relaxing)

.debug_frame    0x0000000000000000      0x41c
 .debug_frame   0x0000000000000000       0xac /usr/lib/gcc/arm-none-eabi/9.2.1/thumb/v7e-m/nofp/libgcc.a(_arm_addsubdf3.o)
 .debug_frame   0x00000000000000ac       0x50 /usr/lib/gcc/arm-none-eabi/9.2.1/thumb/v7e-m/nofp/libgcc.a(_arm_muldivdf3.o)
 .debug_frame   0x00000000000000fc       0xc4 /usr/lib/gcc/arm-none-eabi/9.2.1/thumb/v7e-m/nofp/libgcc.a(_arm_cmpdf2.o)
 .debug_frame   0x00000000000001c0       0x24 /usr/lib/gcc/arm-none-eabi/9.2.1/thumb/v7e-m/nofp/libgcc.a(_arm_fixdfsi.o)
 .debug_frame   0x00000000000001e4       0x24 /usr/lib/gcc/arm-none-eabi/9.2.1/thumb/v7e-m/nofp/libgcc.a(_arm_fixunsdfsi.o)
 .debug_frame   0x0000000000000208       0x2c /usr/lib/gcc/arm-none-eabi/9.2.1/thumb/v7e-m/nofp/libgcc.a(_aeabi_uldivmod.o)
 .debug_frame   0x0000000000000234       0x2c /usr/lib/gcc/arm-none-eabi/9.2.1/thumb/v7e-m/nofp/libgcc.a(_fixunsdfdi.o)
 .debug_frame   0x0000000000000260       0x34 /usr/lib/gcc/arm-none-eabi/9.2.1/thumb/v7e-m/nofp/libgcc.a(_udivmoddi4.o)
 .debug_frame   0x0000000000000294       0x20 /usr/lib/gcc/arm-none-eabi/9.2.1/../../../arm-none-eabi/lib/thumb/v7e-m/nofp/libc.a(lib_a-atexit.o)
 .debug_frame   0x00000000000002b4       0x34 /usr/lib/gcc/arm-none-eabi/9.2.1/../../../arm-none-eabi/lib/thumb/v7e-m/nofp/libc.a(lib_a-fini.o)
 .debug_frame   0x00000000000002e8       0x2c /usr/lib/gcc/arm-none-eabi/9.2.1/../../../arm-none-eabi/lib/thumb/v7e-m/nofp/libc.a(lib_a-init.o)
 .debug_frame   0x0000000000000314       0x38 /usr/lib/gcc/arm-none-eabi/9.2.1/../../../arm-none-eabi/lib/thumb/v7e-m/nofp/libc.a(lib_a-memset.o)
 .debug_frame   0x000000000000034c       0x48 /usr/lib/gcc/arm-none-eabi/9.2.1/../../../arm-none-eabi/lib/thumb/v7e-m/nofp/libc.a(lib_a-strncmp.o)
 .debug_frame   0x0000000000000394       0x38 /usr/lib/gcc/arm-none-eabi/9.2.1/../../../arm-none-eabi/lib/thumb/v7e-m/nofp/libc.a(lib_a-__atexit.o)
 .debug_frame   0x00000000000003cc       0x50 /usr/lib/gcc/arm-none-eabi/9.2.1/../../../arm-none-eabi/lib/thumb/v7e-m/nofp/libc.a(lib_a-__call_atexit.o)

.debug_loc      0x0000000000000000     0x181a
 .debug_loc     0x0000000000000000       0xad /usr/lib/gcc/arm-none-eabi/9.2.1/thumb/v7e-m/nofp/libgcc.a(_fixunsdfdi.o)
 .debug_loc     0x00000000000000ad      0xf8a /usr/lib/gcc/arm-none-eabi/9.2.1/thumb/v7e-m/nofp/libgcc.a(_udivmoddi4.o)
 .debug_loc     0x0000000000001037       0x32 /usr/lib/gcc/arm-none-eabi/9.2.1/../../../arm-none-eabi/lib/thumb/v7e-m/nofp/libc.a(lib_a-atexit.o)
 .debug_loc     0x0000000000001069       0x68 /usr/lib/gcc/arm-none-eabi/9.2.1/../../../arm-none-eabi/lib/thumb/v7e-m/nofp/libc.a(lib_a-fini.o)
 .debug_loc     0x00000000000010d1       0xba /usr/lib/gcc/arm-none-eabi/9.2.1/../../../arm-none-eabi/lib/thumb/v7e-m/nofp/libc.a(lib_a-init.o)
 .debug_loc     0x000000000000118b      0x231 /usr/lib/gcc/arm-none-eabi/9.2.1/../../../arm-none-eabi/lib/thumb/v7e-m/nofp/libc.a(lib_a-memset.o)
 .debug_loc     0x00000000000013bc      0x1dc /usr/lib/gcc/arm-none-eabi/9.2.1/../../../arm-none-eabi/lib/thumb/v7e-m/nofp/libc.a(lib_a-strncmp.o)
 .debug_loc     0x0000000000001598      0x138 /usr/lib/gcc/arm-none-eabi/9.2.1/../../../arm-none-eabi/lib/thumb/v7e-m/nofp/libc.a(lib_a-__atexit.o)
 .debug_loc     0x00000000000016d0      0x14a /usr/lib/gcc/arm-none-eabi/9.2.1/../../../arm-none-eabi/lib/thumb/v7e-m/nofp/libc.a(lib_a-__call_atexit.o)

.debug_ranges   0x0000000000000000      0x100
 .debug_ranges  0x0000000000000000       0xc8 /usr/lib/gcc/arm-none-eabi/9.2.1/thumb/v7e-m/nofp/libgcc.a(_udivmoddi4.o)
 .debug_ranges  0x00000000000000c8       0x38 /usr/lib/gcc/arm-none-eabi/9.2.1/../../../arm-none-eabi/lib/thumb/v7e-m/nofp/libc.a(lib_a-__call_atexit.o)
