Archive member included to satisfy reference by file (symbol)

/home/hung382/MET/drivers/crypto/lib/libcrypto.a(aes.o)
                              out/cmac.o (aes_init)
/usr/lib/gcc/arm-none-eabi/9.2.1/thumb/v7e-m/nofp/libgcc.a(_arm_muldf3.o)
                              out/printf-stdarg.o (__aeabi_dmul)
/usr/lib/gcc/arm-none-eabi/9.2.1/thumb/v7e-m/nofp/libgcc.a(_arm_addsubdf3.o)
                              out/printf-stdarg.o (__aeabi_dsub)
/usr/lib/gcc/arm-none-eabi/9.2.1/thumb/v7e-m/nofp/libgcc.a(_arm_muldivdf3.o)
                              out/printf-stdarg.o (__aeabi_ddiv)
/usr/lib/gcc/arm-none-eabi/9.2.1/thumb/v7e-m/nofp/libgcc.a(_arm_cmpdf2.o)
                              out/printf-stdarg.o (__aeabi_dcmpeq)
/usr/lib/gcc/arm-none-eabi/9.2.1/thumb/v7e-m/nofp/libgcc.a(_arm_fixdfsi.o)
                              out/printf-stdarg.o (__aeabi_d2iz)
/usr/lib/gcc/arm-none-eabi/9.2.1/thumb/v7e-m/nofp/libgcc.a(_arm_fixunsdfsi.o)
                              out/printf-stdarg.o (__aeabi_d2uiz)
/usr/lib/gcc/arm-none-eabi/9.2.1/thumb/v7e-m/nofp/libgcc.a(_aeabi_uldivmod.o)
                              out/printf-stdarg.o (__aeabi_uldivmod)
/usr/lib/gcc/arm-none-eabi/9.2.1/thumb/v7e-m/nofp/libgcc.a(_fixunsdfdi.o)
                              out/rtc-board.o (__aeabi_d2ulz)
/usr/lib/gcc/arm-none-eabi/9.2.1/thumb/v7e-m/nofp/libgcc.a(_udivmoddi4.o)
                              /usr/lib/gcc/arm-none-eabi/9.2.1/thumb/v7e-m/nofp/libgcc.a(_aeabi_uldivmod.o) (__udivmoddi4)
/usr/lib/gcc/arm-none-eabi/9.2.1/thumb/v7e-m/nofp/libgcc.a(_dvmd_tls.o)
                              /usr/lib/gcc/arm-none-eabi/9.2.1/thumb/v7e-m/nofp/libgcc.a(_aeabi_uldivmod.o) (__aeabi_ldiv0)
/usr/lib/gcc/arm-none-eabi/9.2.1/../../../arm-none-eabi/lib/thumb/v7e-m/nofp/libc.a(lib_a-atexit.o)
                              /usr/lib/gcc/arm-none-eabi/9.2.1/../../../arm-none-eabi/lib/thumb/v7e-m/nofp/crt0.o (atexit)
/usr/lib/gcc/arm-none-eabi/9.2.1/../../../arm-none-eabi/lib/thumb/v7e-m/nofp/libc.a(lib_a-exit.o)
                              /usr/lib/gcc/arm-none-eabi/9.2.1/../../../arm-none-eabi/lib/thumb/v7e-m/nofp/crt0.o (exit)
/usr/lib/gcc/arm-none-eabi/9.2.1/../../../arm-none-eabi/lib/thumb/v7e-m/nofp/libc.a(lib_a-fini.o)
                              /usr/lib/gcc/arm-none-eabi/9.2.1/../../../arm-none-eabi/lib/thumb/v7e-m/nofp/crt0.o (__libc_fini_array)
/usr/lib/gcc/arm-none-eabi/9.2.1/../../../arm-none-eabi/lib/thumb/v7e-m/nofp/libc.a(lib_a-impure.o)
                              /usr/lib/gcc/arm-none-eabi/9.2.1/../../../arm-none-eabi/lib/thumb/v7e-m/nofp/libc.a(lib_a-exit.o) (_global_impure_ptr)
/usr/lib/gcc/arm-none-eabi/9.2.1/../../../arm-none-eabi/lib/thumb/v7e-m/nofp/libc.a(lib_a-init.o)
                              /usr/lib/gcc/arm-none-eabi/9.2.1/../../../arm-none-eabi/lib/thumb/v7e-m/nofp/crt0.o (__libc_init_array)
/usr/lib/gcc/arm-none-eabi/9.2.1/../../../arm-none-eabi/lib/thumb/v7e-m/nofp/libc.a(lib_a-memcpy.o)
                              out/pingpong.o (memcpy)
/usr/lib/gcc/arm-none-eabi/9.2.1/../../../arm-none-eabi/lib/thumb/v7e-m/nofp/libc.a(lib_a-memset.o)
                              /usr/lib/gcc/arm-none-eabi/9.2.1/../../../arm-none-eabi/lib/thumb/v7e-m/nofp/crt0.o (memset)
/usr/lib/gcc/arm-none-eabi/9.2.1/../../../arm-none-eabi/lib/thumb/v7e-m/nofp/libc.a(lib_a-strncmp.o)
                              out/pingpong.o (strncmp)
/usr/lib/gcc/arm-none-eabi/9.2.1/../../../arm-none-eabi/lib/thumb/v7e-m/nofp/libc.a(lib_a-__atexit.o)
                              /usr/lib/gcc/arm-none-eabi/9.2.1/../../../arm-none-eabi/lib/thumb/v7e-m/nofp/libc.a(lib_a-atexit.o) (__register_exitproc)
/usr/lib/gcc/arm-none-eabi/9.2.1/../../../arm-none-eabi/lib/thumb/v7e-m/nofp/libc.a(lib_a-__call_atexit.o)
                              /usr/lib/gcc/arm-none-eabi/9.2.1/../../../arm-none-eabi/lib/thumb/v7e-m/nofp/libc.a(lib_a-exit.o) (__call_exitprocs)
/usr/lib/gcc/arm-none-eabi/9.2.1/../../../arm-none-eabi/lib/thumb/v7e-m/nofp/libm.a(lib_a-s_ceil.o)
                              out/radio.o (ceil)
/usr/lib/gcc/arm-none-eabi/9.2.1/../../../arm-none-eabi/lib/thumb/v7e-m/nofp/libm.a(lib_a-s_floor.o)
                              out/radio.o (floor)
/usr/lib/gcc/arm-none-eabi/9.2.1/../../../arm-none-eabi/lib/thumb/v7e-m/nofp/libm.a(lib_a-s_rint.o)
                              out/radio.o (rint)
/usr/lib/gcc/arm-none-eabi/9.2.1/../../../arm-none-eabi/lib/thumb/v7e-m/nofp/libm.a(lib_a-s_round.o)
                              out/rtc-board.o (round)

Allocating common symbols
Common symbol       size              file

irqRegs             0x2               out/radio.o
SX126x              0x3c              out/radio.o
RtcCalendarContext  0xc               out/rtc-board.o
RtcTimerContext     0x8               out/rtc-board.o
g_dma_callback_handler
                    0x20              out/tremo_dma.o
TxTimeoutTimer      0x14              out/radio.o
sensor_information  0x2               out/pingpong.o
[...]
Memory Configuration

Name             Origin             Length             Attributes
FLASH            0x0000000008000000 0x0000000000020000 xr
RAM              0x0000000020000000 0x0000000000004000 xrw
*default*        0x0000000000000000 0xffffffffffffffff

Linker script and memory map

LOAD /usr/lib/gcc/arm-none-eabi/9.2.1/thumb/v7e-m/nofp/crti.o
LOAD /usr/lib/gcc/arm-none-eabi/9.2.1/thumb/v7e-m/nofp/crtbegin.o
LOAD /usr/lib/gcc/arm-none-eabi/9.2.1/../../../arm-none-eabi/lib/thumb/v7e-m/nofp/crt0.o
LOAD out/tremo_it.o
LOAD out/pingpong.o
LOAD out/main.o
LOAD out/printf-stdarg.o
LOAD out/system_cm4.o
LOAD out/tremo_crc.o
LOAD out/tremo_lcd.o
LOAD out/tremo_lpuart.o
LOAD out/tremo_wdg.o
LOAD out/tremo_uart.o
LOAD out/tremo_spi.o
LOAD out/tremo_i2s.o
LOAD out/tremo_gpio.o
LOAD out/tremo_bstimer.o
LOAD out/tremo_system.o
LOAD out/tremo_iwdg.o
LOAD out/tremo_lptimer.o
LOAD out/tremo_timer.o
LOAD out/tremo_dma.o
LOAD out/tremo_delay.o
LOAD out/tremo_dac.o
LOAD out/tremo_rtc.o
LOAD out/tremo_pwr.o
LOAD out/tremo_i2c.o
LOAD out/tremo_rcc.o
LOAD out/tremo_flash.o
LOAD out/tremo_adc.o
LOAD out/delay.o
LOAD out/timer.o
LOAD out/cmac.o
LOAD out/radio.o
LOAD out/sx126x.o
LOAD out/utilities.o
LOAD out/rtc-board.o
LOAD out/sx1262-board.o
LOAD out/startup_cm4.o
LOAD /home/hung382/MET/drivers/crypto/lib/libcrypto.a
START GROUP
LOAD /usr/lib/gcc/arm-none-eabi/9.2.1/thumb/v7e-m/nofp/libgcc.a
LOAD /usr/lib/gcc/arm-none-eabi/9.2.1/../../../arm-none-eabi/lib/thumb/v7e-m/nofp/libc.a
END GROUP
LOAD /usr/lib/gcc/arm-none-eabi/9.2.1/thumb/v7e-m/nofp/crtend.o
LOAD /usr/lib/gcc/arm-none-eabi/9.2.1/thumb/v7e-m/nofp/crtn.o
                0x0000000020004000                _estack = 0x20004000
                0x0000000000000000                _HEAP_SIZE = 0x0
                0x0000000000001000                _STACK_SIZE = 0x1000

.isr_vector     0x0000000008000000       0xd4
                0x0000000008000000                . = ALIGN (0x4)
 *(.isr_vector)
 .isr_vector    0x0000000008000000       0xd4 out/startup_cm4.o
                0x0000000008000000                g_pfnVectors
                0x00000000080000d4                . = ALIGN (0x4)

.text           0x00000000080000d8     0x4f78
                0x00000000080000d8                . = ALIGN (0x4)
 *(.text)
 .text          0x00000000080000d8       0x88 /usr/lib/gcc/arm-none-eabi/9.2.1/thumb/v7e-m/nofp/crtbegin.o
 .text          0x0000000008000160      0x378 /usr/lib/gcc/arm-none-eabi/9.2.1/thumb/v7e-m/nofp/libgcc.a(_arm_addsubdf3.o)
                0x0000000008000160                __aeabi_drsub
                0x0000000008000168                __aeabi_dsub
                0x0000000008000168                __subdf3
                0x000000000800016c                __adddf3
                0x000000000800016c                __aeabi_dadd
                0x00000000080003e4                __aeabi_ui2d
                0x00000000080003e4                __floatunsidf
                0x0000000008000404                __floatsidf
                0x0000000008000404                __aeabi_i2d
                0x0000000008000428                __extendsfdf2
                0x0000000008000428                __aeabi_f2d
                0x000000000800046c                __aeabi_ul2d
                0x000000000800046c                __floatundidf
                0x000000000800047c                __floatdidf
                0x000000000800047c                __aeabi_l2d
 .text          0x00000000080004d8      0x424 /usr/lib/gcc/arm-none-eabi/9.2.1/thumb/v7e-m/nofp/libgcc.a(_arm_muldivdf3.o)
                0x00000000080004d8                __aeabi_dmul
                0x00000000080004d8                __muldf3
                0x000000000800072c                __aeabi_ddiv
                0x000000000800072c                __divdf3
 .text          0x00000000080008fc      0x110 /usr/lib/gcc/arm-none-eabi/9.2.1/thumb/v7e-m/nofp/libgcc.a(_arm_cmpdf2.o)
                0x00000000080008fc                __gtdf2
                0x00000000080008fc                __gedf2
                0x0000000008000904                __ltdf2
                0x0000000008000904                __ledf2
                0x000000000800090c                __cmpdf2
                0x000000000800090c                __eqdf2
                0x000000000800090c                __nedf2
                0x0000000008000988                __aeabi_cdrcmple
                0x0000000008000998                __aeabi_cdcmple
                0x0000000008000998                __aeabi_cdcmpeq
                0x00000000080009a8                __aeabi_dcmpeq
                0x00000000080009bc                __aeabi_dcmplt
                0x00000000080009d0                __aeabi_dcmple
                0x00000000080009e4                __aeabi_dcmpge
                0x00000000080009f8                __aeabi_dcmpgt
 .text          0x0000000008000a0c       0x50 /usr/lib/gcc/arm-none-eabi/9.2.1/thumb/v7e-m/nofp/libgcc.a(_arm_fixdfsi.o)
                0x0000000008000a0c                __fixdfsi
                0x0000000008000a0c                __aeabi_d2iz
 .text          0x0000000008000a5c       0x40 /usr/lib/gcc/arm-none-eabi/9.2.1/thumb/v7e-m/nofp/libgcc.a(_arm_fixunsdfsi.o)
                0x0000000008000a5c                __fixunsdfsi
                0x0000000008000a5c                __aeabi_d2uiz
 .text          0x0000000008000a9c       0x30 /usr/lib/gcc/arm-none-eabi/9.2.1/thumb/v7e-m/nofp/libgcc.a(_aeabi_uldivmod.o)
                0x0000000008000a9c                __aeabi_uldivmod
 .text          0x0000000008000acc       0x3c /usr/lib/gcc/arm-none-eabi/9.2.1/thumb/v7e-m/nofp/libgcc.a(_fixunsdfdi.o)
                0x0000000008000acc                __aeabi_d2ulz
                0x0000000008000acc                __fixunsdfdi
 .text          0x0000000008000b08      0x2c0 /usr/lib/gcc/arm-none-eabi/9.2.1/thumb/v7e-m/nofp/libgcc.a(_udivmoddi4.o)
                0x0000000008000b08                __udivmoddi4
 .text          0x0000000008000dc8        0x4 /usr/lib/gcc/arm-none-eabi/9.2.1/thumb/v7e-m/nofp/libgcc.a(_dvmd_tls.o)
                0x0000000008000dc8                __aeabi_ldiv0
                0x0000000008000dc8                __aeabi_idiv0
 .text          0x0000000008000dcc        0xc /usr/lib/gcc/arm-none-eabi/9.2.1/../../../arm-none-eabi/lib/thumb/v7e-m/nofp/libc.a(lib_a-atexit.o)
                0x0000000008000dcc                atexit
 .text          0x0000000008000dd8       0x34 /usr/lib/gcc/arm-none-eabi/9.2.1/../../../arm-none-eabi/lib/thumb/v7e-m/nofp/libc.a(lib_a-fini.o)
                0x0000000008000dd8                __libc_fini_array
 .text          0x0000000008000e0c       0x48 /usr/lib/gcc/arm-none-eabi/9.2.1/../../../arm-none-eabi/lib/thumb/v7e-m/nofp/libc.a(lib_a-init.o)
                0x0000000008000e0c                __libc_init_array
 .text          0x0000000008000e54      0x134 /usr/lib/gcc/arm-none-eabi/9.2.1/../../../arm-none-eabi/lib/thumb/v7e-m/nofp/libc.a(lib_a-memcpy.o)
                0x0000000008000e54                memcpy
 .text          0x0000000008000f88       0xa0 /usr/lib/gcc/arm-none-eabi/9.2.1/../../../arm-none-eabi/lib/thumb/v7e-m/nofp/libc.a(lib_a-memset.o)
                0x0000000008000f88                memset
 .text          0x0000000008001028       0xa4 /usr/lib/gcc/arm-none-eabi/9.2.1/../../../arm-none-eabi/lib/thumb/v7e-m/nofp/libc.a(lib_a-strncmp.o)
                0x0000000008001028                strncmp
 .text          0x00000000080010cc       0x68 /usr/lib/gcc/arm-none-eabi/9.2.1/../../../arm-none-eabi/lib/thumb/v7e-m/nofp/libc.a(lib_a-__atexit.o)
                0x00000000080010cc                __register_exitproc
 *fill*         0x0000000008001134        0x4 
 .text          0x0000000008001138      0x108 /usr/lib/gcc/arm-none-eabi/9.2.1/../../../arm-none-eabi/lib/thumb/v7e-m/nofp/libm.a(lib_a-s_ceil.o)
                0x0000000008001138                ceil
 .text          0x0000000008001240      0x108 /usr/lib/gcc/arm-none-eabi/9.2.1/../../../arm-none-eabi/lib/thumb/v7e-m/nofp/libm.a(lib_a-s_floor.o)
                0x0000000008001240                floor
 .text          0x0000000008001348      0x118 /usr/lib/gcc/arm-none-eabi/9.2.1/../../../arm-none-eabi/lib/thumb/v7e-m/nofp/libm.a(lib_a-s_rint.o)
                0x0000000008001348                rint
 .text          0x0000000008001460       0x90 /usr/lib/gcc/arm-none-eabi/9.2.1/../../../arm-none-eabi/lib/thumb/v7e-m/nofp/libm.a(lib_a-s_round.o)
                0x0000000008001460                round
 *(.text*)
 .text.NMI_Handler
                0x00000000080014f0        0x2 out/tremo_it.o
                0x00000000080014f0                NMI_Handler
 .text.HardFault_Handler
                0x00000000080014f2        0x2 out/tremo_it.o
                0x00000000080014f2                HardFault_Handler
 .text.MemManage_Handler
                0x00000000080014f4        0x2 out/tremo_it.o
                0x00000000080014f4                MemManage_Handler
 .text.BusFault_Handler
                0x00000000080014f6        0x2 out/tremo_it.o
                0x00000000080014f6                BusFault_Handler
 .text.UsageFault_Handler
                0x00000000080014f8        0x2 out/tremo_it.o
                0x00000000080014f8                UsageFault_Handler
 .text.SVC_Handler
                0x00000000080014fa        0x2 out/tremo_it.o
                0x00000000080014fa                SVC_Handler
 .text.PendSV_Handler
                0x00000000080014fc        0x2 out/tremo_it.o
                0x00000000080014fc                PendSV_Handler
 .text.SysTick_Handler
                0x00000000080014fe        0x2 out/tremo_it.o
                0x00000000080014fe                SysTick_Handler
 .text.PWR_IRQHandler
                0x0000000008001500        0x2 out/tremo_it.o
                0x0000000008001500                PWR_IRQHandler
 .text.LORA_IRQHandler
                0x0000000008001502        0x4 out/tremo_it.o
                0x0000000008001502                LORA_IRQHandler
 .text.RTC_IRQHandler
                0x0000000008001506        0x4 out/tremo_it.o
                0x0000000008001506                RTC_IRQHandler
 .text.TIMER0_IRQHandler
                0x000000000800150a        0x4 out/tremo_it.o
                0x000000000800150a                TIMER0_IRQHandler
 .text.TIMER1_IRQHandler
                0x000000000800150e        0x4 out/tremo_it.o
                0x000000000800150e                TIMER1_IRQHandler
 *fill*         0x0000000008001512        0x2 
 .text.OnTxDone
                0x0000000008001514       0x24 out/pingpong.o
                0x0000000008001514                OnTxDone
 .text.OnTxTimeout
                0x0000000008001538       0x18 out/pingpong.o
                0x0000000008001538                OnTxTimeout
 .text.OnRxTimeout
                0x0000000008001550       0x18 out/pingpong.o
                0x0000000008001550                OnRxTimeout
 .text.OnRxError
                0x0000000008001568       0x18 out/pingpong.o
                0x0000000008001568                OnRxError
 .text.OnRxDone
                0x0000000008001580       0x38 out/pingpong.o
                0x0000000008001580                OnRxDone
 .text.send_data
                0x00000000080015b8       0x2c out/pingpong.o
                0x00000000080015b8                send_data
 .text.deal_with_node_messages
                0x00000000080015e4       0x60 out/pingpong.o
                0x00000000080015e4                deal_with_node_messages
 .text.app_start
                0x0000000008001644       0xe8 out/pingpong.o
                0x0000000008001644                app_start
 .text.timer_init_hehe
                0x000000000800172c       0x60 out/main.o
                0x000000000800172c                timer_init_hehe
 .text.uart_log_init
                0x000000000800178c       0x40 out/main.o
                0x000000000800178c                uart_log_init
 .text.board_init
                0x00000000080017cc       0x7a out/main.o
                0x00000000080017cc                board_init
 *fill*         0x0000000008001846        0x2 
 .text.gptim0_IRQHandler
                0x0000000008001848       0x30 out/main.o
                0x0000000008001848                gptim0_IRQHandler
 .text.gptim1_IRQHandler
                0x0000000008001878       0x30 out/main.o
                0x0000000008001878                gptim1_IRQHandler
 .text.startup.main
                0x00000000080018a8       0x34 out/main.o
                0x00000000080018a8                main
 .text._out_null
                0x00000000080018dc        0x2 out/printf-stdarg.o
 .text._out_rev
                0x00000000080018de       0x96 out/printf-stdarg.o
 .text._ntoa_format
                0x0000000008001974      0x10a out/printf-stdarg.o
 .text._ntoa_long
                0x0000000008001a7e       0x82 out/printf-stdarg.o
 .text._ntoa_long_long
                0x0000000008001b00       0xa6 out/printf-stdarg.o
 *fill*         0x0000000008001ba6        0x2 
 .text._out_char
                0x0000000008001ba8       0x10 out/printf-stdarg.o
 .text._ftoa    0x0000000008001bb8      0x32c out/printf-stdarg.o
 *fill*         0x0000000008001ee4        0x4 
 .text._etoa    0x0000000008001ee8      0x3b8 out/printf-stdarg.o
 .text._vsnprintf
                0x00000000080022a0      0x550 out/printf-stdarg.o
 .text.__wrap_printf
                0x00000000080027f0       0x28 out/printf-stdarg.o
                0x00000000080027f0                __wrap_printf
 .text.nvic_init
                0x0000000008002818       0x24 out/system_cm4.o
                0x0000000008002818                nvic_init
 .text.system_init
                0x000000000800283c       0x44 out/system_cm4.o
                0x000000000800283c                system_init
 .text.uart_send_data
                0x0000000008002880        0xa out/tremo_uart.o
                0x0000000008002880                uart_send_data
 .text.uart_config_init
                0x000000000800288a       0x16 out/tremo_uart.o
                0x000000000800288a                uart_config_init
 .text.uart_cmd
                0x00000000080028a0       0x12 out/tremo_uart.o
                0x00000000080028a0                uart_cmd
 *fill*         0x00000000080028b2        0x2 
 .text.uart_init
                0x00000000080028b4      0x140 out/tremo_uart.o
                0x00000000080028b4                uart_init
 .text.gpio_init
                0x00000000080029f4      0x124 out/tremo_gpio.o
                0x00000000080029f4                gpio_init
 .text.gpio_set_iomux
                0x0000000008002b18       0x40 out/tremo_gpio.o
                0x0000000008002b18                gpio_set_iomux
 .text.system_get_chip_id
                0x0000000008002b58       0x1c out/tremo_system.o
                0x0000000008002b58                system_get_chip_id
 .text.timer_init
                0x0000000008002b74       0x44 out/tremo_timer.o
                0x0000000008002b74                timer_init
 .text.timer_config_interrupt
                0x0000000008002bb8       0x10 out/tremo_timer.o
                0x0000000008002bb8                timer_config_interrupt
 .text.timer_get_status
                0x0000000008002bc8       0x10 out/tremo_timer.o
                0x0000000008002bc8                timer_get_status
 .text.timer_clear_status
                0x0000000008002bd8        0xa out/tremo_timer.o
                0x0000000008002bd8                timer_clear_status
 .text.timer_generate_event
                0x0000000008002be2       0x10 out/tremo_timer.o
                0x0000000008002be2                timer_generate_event
 *fill*         0x0000000008002bf2        0x2 
 .text.delay_init
                0x0000000008002bf4       0x48 out/tremo_delay.o
                0x0000000008002bf4                delay_init
 .text.delay_us
                0x0000000008002c3c       0x30 out/tremo_delay.o
                0x0000000008002c3c                delay_us
 .text.delay_ms
                0x0000000008002c6c        0xa out/tremo_delay.o
                0x0000000008002c6c                delay_ms
 .text.rtc_deinit
                0x0000000008002c76       0x1e out/tremo_rtc.o
                0x0000000008002c76                rtc_deinit
 .text.rtc_check_syn
                0x0000000008002c94       0x14 out/tremo_rtc.o
                0x0000000008002c94                rtc_check_syn
 .text.rtc_calendar_cmd
                0x0000000008002ca8       0x20 out/tremo_rtc.o
                0x0000000008002ca8                rtc_calendar_cmd
 .text.rtc_cyc_cmd
                0x0000000008002cc8       0x20 out/tremo_rtc.o
                0x0000000008002cc8                rtc_cyc_cmd
 .text.rtc_config_cyc_wakeup
                0x0000000008002ce8       0x24 out/tremo_rtc.o
                0x0000000008002ce8                rtc_config_cyc_wakeup
 .text.rtc_get_calendar
                0x0000000008002d0c       0xdc out/tremo_rtc.o
                0x0000000008002d0c                rtc_get_calendar
 .text.rtc_set_status
                0x0000000008002de8       0x30 out/tremo_rtc.o
                0x0000000008002de8                rtc_set_status
 .text.rtc_get_status
                0x0000000008002e18       0x38 out/tremo_rtc.o
                0x0000000008002e18                rtc_get_status
 .text.rtc_config_interrupt
                0x0000000008002e50       0x38 out/tremo_rtc.o
                0x0000000008002e50                rtc_config_interrupt
 .text.rtc_config_cyc_max
                0x0000000008002e88       0x14 out/tremo_rtc.o
                0x0000000008002e88                rtc_config_cyc_max
 .text.pwr_xo32k_lpm_cmd
                0x0000000008002e9c       0x18 out/tremo_pwr.o
                0x0000000008002e9c                pwr_xo32k_lpm_cmd
 .text.rcc_get_clk_freq
                0x0000000008002eb4       0x9c out/tremo_rcc.o
                0x0000000008002eb4                rcc_get_clk_freq
 .text.rcc_get_uart0_clk_source
                0x0000000008002f50        0xc out/tremo_rcc.o
                0x0000000008002f50                rcc_get_uart0_clk_source
 .text.rcc_get_uart1_clk_source
                0x0000000008002f5c        0xc out/tremo_rcc.o
                0x0000000008002f5c                rcc_get_uart1_clk_source
 .text.rcc_get_uart2_clk_source
                0x0000000008002f68        0xc out/tremo_rcc.o
                0x0000000008002f68                rcc_get_uart2_clk_source
 .text.rcc_get_uart3_clk_source
                0x0000000008002f74        0xc out/tremo_rcc.o
                0x0000000008002f74                rcc_get_uart3_clk_source
 .text.rcc_get_rtc_clk_source
                0x0000000008002f80        0xc out/tremo_rcc.o
                0x0000000008002f80                rcc_get_rtc_clk_source
 .text.rcc_enable_peripheral_clk
                0x0000000008002f8c      0x4b4 out/tremo_rcc.o
                0x0000000008002f8c                rcc_enable_peripheral_clk
 .text.rcc_enable_oscillator
                0x0000000008003440       0xfc out/tremo_rcc.o
                0x0000000008003440                rcc_enable_oscillator
 .text.rcc_rst_peripheral
                0x000000000800353c       0x4a out/tremo_rcc.o
                0x000000000800353c                rcc_rst_peripheral
 .text.DelayMs  0x0000000008003586        0x4 out/delay.o
                0x0000000008003586                DelayMs
 *fill*         0x000000000800358a        0x2 
 .text.TimeStampsUpdate
                0x000000000800358c       0x2c out/timer.o
 .text.TimerInsertNewHeadTimer
                0x00000000080035b8       0x1c out/timer.o
 .text.TimerInit
                0x00000000080035d4        0xe out/timer.o
                0x00000000080035d4                TimerInit
 *fill*         0x00000000080035e2        0x2 
 .text.TimerStart
                0x00000000080035e4       0x78 out/timer.o
                0x00000000080035e4                TimerStart
 .text.TimerIrqHandler
                0x000000000800365c       0x68 out/timer.o
                0x000000000800365c                TimerIrqHandler
 .text.TimerStop
                0x00000000080036c4       0x60 out/timer.o
                0x00000000080036c4                TimerStop
 .text.TimerSetValue
                0x0000000008003724       0x10 out/timer.o
                0x0000000008003724                TimerSetValue
 .text.TimerGetCurrentTime
                0x0000000008003734       0x18 out/timer.o
                0x0000000008003734                TimerGetCurrentTime
 .text.TimerGetElapsedTime
                0x000000000800374c       0x12 out/timer.o
                0x000000000800374c                TimerGetElapsedTime
 .text.RadioCheckRfFrequency
                0x000000000800375e        0x4 out/radio.o
                0x000000000800375e                RadioCheckRfFrequency
 *fill*         0x0000000008003762        0x2 
 .text.RadioOnTxTimeoutIrq
                0x0000000008003764       0x14 out/radio.o
                0x0000000008003764                RadioOnTxTimeoutIrq
 .text.RadioOnRxTimeoutIrq
                0x0000000008003778       0x14 out/radio.o
                0x0000000008003778                RadioOnRxTimeoutIrq
 .text.RadioStandby
                0x000000000800378c        0x6 out/radio.o
                0x000000000800378c                RadioStandby
 *fill*         0x0000000008003792        0x2 
 .text.RadioInit
                0x0000000008003794       0x6c out/radio.o
                0x0000000008003794                RadioInit
 .text.RadioGetStatus
                0x0000000008003800       0x18 out/radio.o
                0x0000000008003800                RadioGetStatus
 .text.RadioSetChannel
                0x0000000008003818        0x4 out/radio.o
                0x0000000008003818                RadioSetChannel
 .text.RadioRssi
                0x000000000800381c        0xa out/radio.o
                0x000000000800381c                RadioRssi
 .text.RadioRead
                0x0000000008003826        0x4 out/radio.o
                0x0000000008003826                RadioRead
 .text.RadioWrite
                0x000000000800382a        0x4 out/radio.o
                0x000000000800382a                RadioWrite
 *fill*         0x000000000800382e        0x2 
 .text.RadioSend
                0x0000000008003830       0x54 out/radio.o
                0x0000000008003830                RadioSend
 .text.RadioSleep
                0x0000000008003884       0x14 out/radio.o
                0x0000000008003884                RadioSleep
 .text.RadioSetRxDutyCycle
                0x0000000008003898        0x4 out/radio.o
                0x0000000008003898                RadioSetRxDutyCycle
 .text.RadioStartCad
                0x000000000800389c       0x6c out/radio.o
                0x000000000800389c                RadioStartCad
 .text.RadioSetTxContinuousWave
                0x0000000008003908       0x4c out/radio.o
                0x0000000008003908                RadioSetTxContinuousWave
 .text.RadioWriteBuffer
                0x0000000008003954        0x4 out/radio.o
                0x0000000008003954                RadioWriteBuffer
 .text.RadioReadBuffer
                0x0000000008003958        0x4 out/radio.o
                0x0000000008003958                RadioReadBuffer
 .text.RadioGetWakeupTime
                0x000000000800395c        0xa out/radio.o
                0x000000000800395c                RadioGetWakeupTime
 *fill*         0x0000000008003966        0x2 
 .text.RadioOnCadTimeoutIrq
                0x0000000008003968       0x20 out/radio.o
                0x0000000008003968                RadioOnCadTimeoutIrq
 .text.RadioGetFskBandwidthRegValue
                0x0000000008003988       0x34 out/radio.o
 .text.RadioSetMaxPayloadLength
                0x00000000080039bc       0x28 out/radio.o
                0x00000000080039bc                RadioSetMaxPayloadLength
 .text.RadioRx  0x00000000080039e4       0x44 out/radio.o
                0x00000000080039e4                RadioRx
 .text.RadioRxBoosted
                0x0000000008003a28       0x40 out/radio.o
                0x0000000008003a28                RadioRxBoosted
 .text.RadioIrqProcess
                0x0000000008003a68      0x160 out/radio.o
                0x0000000008003a68                RadioIrqProcess
 .text.RadioSetPublicNetwork
                0x0000000008003bc8       0x3c out/radio.o
                0x0000000008003bc8                RadioSetPublicNetwork
 .text.RadioSetModem.part.0
                0x0000000008003c04       0x24 out/radio.o
 .text.RadioSetModem
                0x0000000008003c28       0x20 out/radio.o
                0x0000000008003c28                RadioSetModem
 .text.RadioIsChannelFree
                0x0000000008003c48       0x4e out/radio.o
                0x0000000008003c48                RadioIsChannelFree
 .text.RadioRandom
                0x0000000008003c96       0x3c out/radio.o
                0x0000000008003c96                RadioRandom
 *fill*         0x0000000008003cd2        0x2 
 .text.RadioSymbTime
                0x0000000008003cd4       0x2c out/radio.o
                0x0000000008003cd4                RadioSymbTime
 .text.RadioSetRxConfig
                0x0000000008003d00      0x21c out/radio.o
                0x0000000008003d00                RadioSetRxConfig
 *fill*         0x0000000008003f1c        0x4 
 .text.RadioSetTxConfig
                0x0000000008003f20      0x198 out/radio.o
                0x0000000008003f20                RadioSetTxConfig
 .text.RadioTimeOnAir
                0x00000000080040b8      0x190 out/radio.o
                0x00000000080040b8                RadioTimeOnAir
 .text.RadioOnDioIrq
                0x0000000008004248       0x24 out/radio.o
                0x0000000008004248                RadioOnDioIrq
 .text.SX126xGetOperatingMode
                0x000000000800426c        0xc out/sx126x.o
                0x000000000800426c                SX126xGetOperatingMode
 .text.SX126xSetOperatingMode
                0x0000000008004278        0xc out/sx126x.o
                0x0000000008004278                SX126xSetOperatingMode
 .text.SX126xCheckDeviceReady
                0x0000000008004284       0x38 out/sx126x.o
                0x0000000008004284                SX126xCheckDeviceReady
 .text.SX126xSetPayload
                0x00000000080042bc        0xa out/sx126x.o
                0x00000000080042bc                SX126xSetPayload
 .text.SX126xSetSyncWord
                0x00000000080042c6       0x12 out/sx126x.o
                0x00000000080042c6                SX126xSetSyncWord
 .text.SX126xSetCrcSeed
                0x00000000080042d8       0x24 out/sx126x.o
                0x00000000080042d8                SX126xSetCrcSeed
 .text.SX126xSetCrcPolynomial
                0x00000000080042fc       0x24 out/sx126x.o
                0x00000000080042fc                SX126xSetCrcPolynomial
 .text.SX126xSetWhiteningSeed
                0x0000000008004320       0x38 out/sx126x.o
                0x0000000008004320                SX126xSetWhiteningSeed
 .text.SX126xSetSleep
                0x0000000008004358       0x24 out/sx126x.o
                0x0000000008004358                SX126xSetSleep
 .text.SX126xSetStandby
                0x000000000800437c       0x2c out/sx126x.o
                0x000000000800437c                SX126xSetStandby
 .text.SX126xSetTx
                0x00000000080043a8       0x2c out/sx126x.o
                0x00000000080043a8                SX126xSetTx
 .text.SX126xSendPayload
                0x00000000080043d4       0x12 out/sx126x.o
                0x00000000080043d4                SX126xSendPayload
 *fill*         0x00000000080043e6        0x2 
 .text.SX126xSetRx
                0x00000000080043e8       0x2c out/sx126x.o
                0x00000000080043e8                SX126xSetRx
 .text.SX126xSetRxBoosted
                0x0000000008004414       0x38 out/sx126x.o
                0x0000000008004414                SX126xSetRxBoosted
 .text.SX126xSetRxDutyCycle
                0x000000000800444c       0x38 out/sx126x.o
                0x000000000800444c                SX126xSetRxDutyCycle
 .text.SX126xSetCad
                0x0000000008004484       0x18 out/sx126x.o
                0x0000000008004484                SX126xSetCad
 .text.SX126xSetTxContinuousWave
                0x000000000800449c        0xa out/sx126x.o
                0x000000000800449c                SX126xSetTxContinuousWave
 .text.SX126xSetStopRxTimerOnPreambleDetect
                0x00000000080044a6       0x18 out/sx126x.o
                0x00000000080044a6                SX126xSetStopRxTimerOnPreambleDetect
 .text.SX126xSetLoRaSymbNumTimeout
                0x00000000080044be       0x18 out/sx126x.o
                0x00000000080044be                SX126xSetLoRaSymbNumTimeout
 .text.SX126xSetRegulatorMode
                0x00000000080044d6       0x18 out/sx126x.o
                0x00000000080044d6                SX126xSetRegulatorMode
 *fill*         0x00000000080044ee        0x2 
 .text.SX126xCalibrateImage
                0x00000000080044f0       0x64 out/sx126x.o
                0x00000000080044f0                SX126xCalibrateImage
 .text.SX126xSetPaConfig
                0x0000000008004554       0x24 out/sx126x.o
                0x0000000008004554                SX126xSetPaConfig
 .text.SX126xSetDioIrqParams
                0x0000000008004578       0x2a out/sx126x.o
                0x0000000008004578                SX126xSetDioIrqParams
 .text.SX126xGetIrqStatus
                0x00000000080045a2       0x1e out/sx126x.o
                0x00000000080045a2                SX126xGetIrqStatus
 .text.SX126xSetDio2AsRfSwitchCtrl
                0x00000000080045c0       0x18 out/sx126x.o
                0x00000000080045c0                SX126xSetDio2AsRfSwitchCtrl
 .text.SX126xInit
                0x00000000080045d8       0x28 out/sx126x.o
                0x00000000080045d8                SX126xInit
 .text.SX126xSetRfFrequency
                0x0000000008004600       0x4c out/sx126x.o
                0x0000000008004600                SX126xSetRfFrequency
 .text.SX126xSetPacketType
                0x000000000800464c       0x20 out/sx126x.o
                0x000000000800464c                SX126xSetPacketType
 .text.SX126xGetPacketType
                0x000000000800466c        0xc out/sx126x.o
                0x000000000800466c                SX126xGetPacketType
 .text.SX126xSetTxParams
                0x0000000008004678       0xbc out/sx126x.o
                0x0000000008004678                SX126xSetTxParams
 *fill*         0x0000000008004734        0x4 
 .text.SX126xSetModulationParams
                0x0000000008004738       0xb4 out/sx126x.o
                0x0000000008004738                SX126xSetModulationParams
 .text.SX126xSetPacketParams
                0x00000000080047ec       0xac out/sx126x.o
                0x00000000080047ec                SX126xSetPacketParams
 .text.SX126xSetCadParams
                0x0000000008004898       0x3c out/sx126x.o
                0x0000000008004898                SX126xSetCadParams
 .text.SX126xSetBufferBaseAddress
                0x00000000080048d4       0x1a out/sx126x.o
                0x00000000080048d4                SX126xSetBufferBaseAddress
 .text.SX126xGetRssiInst
                0x00000000080048ee       0x1a out/sx126x.o
                0x00000000080048ee                SX126xGetRssiInst
 .text.SX126xGetRxBufferStatus
                0x0000000008004908       0x48 out/sx126x.o
                0x0000000008004908                SX126xGetRxBufferStatus
 .text.SX126xGetPayload
                0x0000000008004950       0x32 out/sx126x.o
                0x0000000008004950                SX126xGetPayload
 *fill*         0x0000000008004982        0x2 
 .text.SX126xGetPacketStatus
                0x0000000008004984       0x80 out/sx126x.o
                0x0000000008004984                SX126xGetPacketStatus
 .text.SX126xClearIrqStatus
                0x0000000008004a04       0x18 out/sx126x.o
                0x0000000008004a04                SX126xClearIrqStatus
 .text.rand1    0x0000000008004a1c       0x28 out/utilities.o
                0x0000000008004a1c                rand1
 .text.RtcInit  0x0000000008004a44       0x30 out/rtc-board.o
                0x0000000008004a44                RtcInit
 .text.RtcSetTimeout
                0x0000000008004a74       0x8c out/rtc-board.o
                0x0000000008004a74                RtcSetTimeout
 .text.RtcStopTimeout
                0x0000000008004b00       0x14 out/rtc-board.o
                0x0000000008004b00                RtcStopTimeout
 .text.RtcGetTimerContext
                0x0000000008004b14        0xc out/rtc-board.o
                0x0000000008004b14                RtcGetTimerContext
 .text.RtcGetTimerValue
                0x0000000008004b20      0x120 out/rtc-board.o
                0x0000000008004b20                RtcGetTimerValue
 .text.RtcSetTimerContext
                0x0000000008004c40       0x18 out/rtc-board.o
                0x0000000008004c40                RtcSetTimerContext
 .text.RtcGetElapsedTime
                0x0000000008004c58       0x18 out/rtc-board.o
                0x0000000008004c58                RtcGetElapsedTime
 .text.RtcOnIrq
                0x0000000008004c70       0x32 out/rtc-board.o
                0x0000000008004c70                RtcOnIrq
 .text.BoardDisableIrq
                0x0000000008004ca2        0x4 out/sx1262-board.o
                0x0000000008004ca2                BoardDisableIrq
 .text.BoardEnableIrq
                0x0000000008004ca6        0x4 out/sx1262-board.o
                0x0000000008004ca6                BoardEnableIrq
 *fill*         0x0000000008004caa        0x2 
 .text.SpiInOut
                0x0000000008004cac       0x18 out/sx1262-board.o
                0x0000000008004cac                SpiInOut
 .text.SX126xLoracInit
                0x0000000008004cc4       0x5c out/sx1262-board.o
                0x0000000008004cc4                SX126xLoracInit
 .text.SX126xGetBoardTcxoWakeupTime
                0x0000000008004d20        0x4 out/sx1262-board.o
                0x0000000008004d20                SX126xGetBoardTcxoWakeupTime
 .text.SX126xReset
                0x0000000008004d24       0x54 out/sx1262-board.o
                0x0000000008004d24                SX126xReset
 .text.SX126xWaitOnBusy
                0x0000000008004d78       0x18 out/sx1262-board.o
                0x0000000008004d78                SX126xWaitOnBusy
 .text.SX126xWakeup
                0x0000000008004d90       0x30 out/sx1262-board.o
                0x0000000008004d90                SX126xWakeup
 .text.SX126xWriteCommand
                0x0000000008004dc0       0x44 out/sx1262-board.o
                0x0000000008004dc0                SX126xWriteCommand
 .text.SX126xReadCommand
                0x0000000008004e04       0x48 out/sx1262-board.o
                0x0000000008004e04                SX126xReadCommand
 .text.SX126xWriteRegisters
                0x0000000008004e4c       0x48 out/sx1262-board.o
                0x0000000008004e4c                SX126xWriteRegisters
 .text.SX126xWriteRegister
                0x0000000008004e94       0x16 out/sx1262-board.o
                0x0000000008004e94                SX126xWriteRegister
 *fill*         0x0000000008004eaa        0x2 
 .text.SX126xReadRegisters
                0x0000000008004eac       0x50 out/sx1262-board.o
                0x0000000008004eac                SX126xReadRegisters
 .text.SX126xReadRegister
                0x0000000008004efc       0x16 out/sx1262-board.o
                0x0000000008004efc                SX126xReadRegister
 *fill*         0x0000000008004f12        0x2 
 .text.SX126xWriteBuffer
                0x0000000008004f14       0x48 out/sx1262-board.o
                0x0000000008004f14                SX126xWriteBuffer
 .text.SX126xReadBuffer
                0x0000000008004f5c       0x50 out/sx1262-board.o
                0x0000000008004f5c                SX126xReadBuffer
 .text.SX126xSetRfTxPower
                0x0000000008004fac        0x6 out/sx1262-board.o
                0x0000000008004fac                SX126xSetRfTxPower
 .text.SX126xGetPaSelect
                0x0000000008004fb2        0x4 out/sx1262-board.o
                0x0000000008004fb2                SX126xGetPaSelect
 *fill*         0x0000000008004fb6        0x2 
 .text.SX126xAntSwOn
                0x0000000008004fb8       0x10 out/sx1262-board.o
                0x0000000008004fb8                SX126xAntSwOn
 .text.SX126xAntSwOff
                0x0000000008004fc8       0x10 out/sx1262-board.o
                0x0000000008004fc8                SX126xAntSwOff
 .text.Reset_Handler
                0x0000000008004fd8       0x48 out/startup_cm4.o
                0x0000000008004fd8                Reset_Handler
 .text.Default_Handler
                0x0000000008005020        0x2 out/startup_cm4.o
                0x0000000008005020                GPIO_IRQHandler
                0x0000000008005020                SCC_IRQHandler
                0x0000000008005020                TIMER2_IRQHandler
                0x0000000008005020                EFC_IRQHandler
                0x0000000008005020                I2C0_IRQHandler
                0x0000000008005020                SAC_IRQHandler
                0x0000000008005020                I2C1_IRQHandler
                0x0000000008005020                UART1_IRQHandler
                0x0000000008005020                BSTIMER0_IRQHandler
                0x0000000008005020                TIMER3_IRQHandler
                0x0000000008005020                UART0_IRQHandler
                0x0000000008005020                SEC_IRQHandler
                0x0000000008005020                WDG_IRQHandler
                0x0000000008005020                LPTIMER1_IRQHandler
                0x0000000008005020                LPTIMER0_IRQHandler
                0x0000000008005020                SSP0_IRQHandler
                0x0000000008005020                I2S_IRQHandler
                0x0000000008005020                I2C2_IRQHandler
                0x0000000008005020                LCD_IRQHandler
                0x0000000008005020                LPUART_IRQHandler
                0x0000000008005020                UART2_IRQHandler
                0x0000000008005020                Default_Handler
                0x0000000008005020                ADC_IRQHandler
                0x0000000008005020                SSP1_IRQHandler
                0x0000000008005020                DMA0_IRQHandler
                0x0000000008005020                IWDG_IRQHandler
                0x0000000008005020                SSP2_IRQHandler
                0x0000000008005020                BSTIMER1_IRQHandler
                0x0000000008005020                DAC_IRQHandler
                0x0000000008005020                AFEC_IRQHandler
                0x0000000008005020                UART3_IRQHandler
                0x0000000008005020                QSPI_IRQHandler
                0x0000000008005020                DMA1_IRQHandler
 *fill*         0x0000000008005022        0x2 
 .text.startup  0x0000000008005024       0x14 /usr/lib/gcc/arm-none-eabi/9.2.1/../../../arm-none-eabi/lib/thumb/v7e-m/nofp/libc.a(lib_a-__call_atexit.o)
 *(.glue_7)
 .glue_7        0x0000000008005038        0x0 linker stubs
 *(.glue_7t)
 .glue_7t       0x0000000008005038        0x0 linker stubs
 *(.eh_frame)
 .eh_frame      0x0000000008005038        0x0 /usr/lib/gcc/arm-none-eabi/9.2.1/thumb/v7e-m/nofp/crtbegin.o
 *(.init)
 .init          0x0000000008005038        0x4 /usr/lib/gcc/arm-none-eabi/9.2.1/thumb/v7e-m/nofp/crti.o
                0x0000000008005038                _init
 .init          0x000000000800503c        0x8 /usr/lib/gcc/arm-none-eabi/9.2.1/thumb/v7e-m/nofp/crtn.o
 *(.fini)
 .fini          0x0000000008005044        0x4 /usr/lib/gcc/arm-none-eabi/9.2.1/thumb/v7e-m/nofp/crti.o
                0x0000000008005044                _fini
 .fini          0x0000000008005048        0x8 /usr/lib/gcc/arm-none-eabi/9.2.1/thumb/v7e-m/nofp/crtn.o
                0x0000000008005050                . = ALIGN (0x4)
                0x0000000008005050                _etext = .

.vfp11_veneer   0x0000000008005050        0x0
 .vfp11_veneer  0x0000000008005050        0x0 linker stubs

.v4_bx          0x0000000008005050        0x0
 .v4_bx         0x0000000008005050        0x0 linker stubs

.iplt           0x0000000008005050        0x0
 .iplt          0x0000000008005050        0x0 /usr/lib/gcc/arm-none-eabi/9.2.1/thumb/v7e-m/nofp/crtbegin.o

.rodata         0x0000000008005050      0x278
                0x0000000008005050                . = ALIGN (0x4)
 *(.rodata)
 .rodata        0x0000000008005050       0x10 out/pingpong.o
                0x0000000008005056                PingMsg
                0x000000000800505b                PongMsg
 .rodata        0x0000000008005060       0x50 out/printf-stdarg.o
 .rodata        0x00000000080050b0        0xc out/tremo_uart.o
 *fill*         0x00000000080050bc        0x4 
 .rodata        0x00000000080050c0      0x188 out/radio.o
                0x00000000080050c0                FskBandwidths
                0x00000000080051d0                Bandwidths
                0x00000000080051dc                Radio
 .rodata        0x0000000008005248       0x11 out/sx126x.o
 .rodata        0x0000000008005259       0x18 out/rtc-board.o
 *fill*         0x0000000008005271        0x3 
 .rodata        0x0000000008005274        0x4 /usr/lib/gcc/arm-none-eabi/9.2.1/../../../arm-none-eabi/lib/thumb/v7e-m/nofp/libc.a(lib_a-impure.o)
                0x0000000008005274                _global_impure_ptr
 .rodata        0x0000000008005278       0x10 /usr/lib/gcc/arm-none-eabi/9.2.1/../../../arm-none-eabi/lib/thumb/v7e-m/nofp/libm.a(lib_a-s_rint.o)
 *(.rodata*)
 .rodata.str1.1
                0x0000000008005288       0x1a out/pingpong.o
 .rodata.str1.1
                0x00000000080052a2        0xd out/main.o
 .rodata.str1.1
                0x00000000080052af       0x19 out/printf-stdarg.o
                0x00000000080052c8                . = ALIGN (0x4)

.ARM.extab
 *(.ARM.extab* .gnu.linkonce.armextab.*)

.ARM            0x00000000080052c8        0x8
                0x00000000080052c8                __exidx_start = .
 *(.ARM.exidx*)
 .ARM.exidx     0x00000000080052c8        0x8 /usr/lib/gcc/arm-none-eabi/9.2.1/thumb/v7e-m/nofp/libgcc.a(_udivmoddi4.o)
                0x00000000080052d0                __exidx_end = .

.rel.dyn        0x00000000080052d0        0x0
 .rel.iplt      0x00000000080052d0        0x0 /usr/lib/gcc/arm-none-eabi/9.2.1/thumb/v7e-m/nofp/crtbegin.o

.preinit_array  0x00000000080052d0        0x0
                0x00000000080052d0                PROVIDE (__preinit_array_start = .)
 *(.preinit_array*)
                0x00000000080052d0                PROVIDE (__preinit_array_end = .)

.init_array     0x00000000080052d0        0x8
                0x00000000080052d0                PROVIDE (__init_array_start = .)
 *(SORT_BY_NAME(.init_array.*))
 .init_array.00000
                0x00000000080052d0        0x4 /usr/lib/gcc/arm-none-eabi/9.2.1/../../../arm-none-eabi/lib/thumb/v7e-m/nofp/libc.a(lib_a-__call_atexit.o)
 *(.init_array*)
 .init_array    0x00000000080052d4        0x4 /usr/lib/gcc/arm-none-eabi/9.2.1/thumb/v7e-m/nofp/crtbegin.o
                0x00000000080052d8                PROVIDE (__init_array_end = .)

.fini_array     0x00000000080052d8        0x4
                0x00000000080052d8                PROVIDE (__fini_array_start = .)
 *(SORT_BY_NAME(.fini_array.*))
 *(.fini_array*)
 .fini_array    0x00000000080052d8        0x4 /usr/lib/gcc/arm-none-eabi/9.2.1/thumb/v7e-m/nofp/crtbegin.o
                0x00000000080052dc                PROVIDE (__fini_array_end = .)
                0x00000000080052dc                _sidata = LOADADDR (.data)

.data           0x0000000020000000      0x440 load address 0x00000000080052dc
                0x0000000020000000                . = ALIGN (0x4)
                0x0000000020000000                _sdata = .
 *(.data)
 .data          0x0000000020000000        0x9 out/pingpong.o
                0x0000000020000000                BufferSize
                0x0000000020000002                Buffer
 .data          0x0000000020000009        0x1 out/main.o
                0x0000000020000009                gss1
 .data          0x000000002000000a        0x1 out/radio.o
                0x000000002000000a                MaxPayloadLength
 *fill*         0x000000002000000b        0x1 
 .data          0x000000002000000c        0x4 out/utilities.o
 .data          0x0000000020000010      0x430 /usr/lib/gcc/arm-none-eabi/9.2.1/../../../arm-none-eabi/lib/thumb/v7e-m/nofp/libc.a(lib_a-impure.o)
                0x0000000020000010                _impure_ptr
 *(.data*)
                0x0000000020000440                . = ALIGN (0x4)
                0x0000000020000440                _edata = .

.tm_clone_table
                0x0000000020000440        0x0 load address 0x000000000800571c
 .tm_clone_table
                0x0000000020000440        0x0 /usr/lib/gcc/arm-none-eabi/9.2.1/thumb/v7e-m/nofp/crtbegin.o
 .tm_clone_table
                0x0000000020000440        0x0 /usr/lib/gcc/arm-none-eabi/9.2.1/thumb/v7e-m/nofp/crtend.o

.igot.plt       0x0000000020000440        0x0 load address 0x000000000800571c
 .igot.plt      0x0000000020000440        0x0 /usr/lib/gcc/arm-none-eabi/9.2.1/thumb/v7e-m/nofp/crtbegin.o
                0x0000000020000440                . = ALIGN (0x4)

.bss            0x0000000020000440      0x240 load address 0x000000000800571c
                0x0000000020000440                _sbss = .
                0x0000000020000440                __bss_start__ = _sbss
 *(.bss)
 .bss           0x0000000020000440       0x1c /usr/lib/gcc/arm-none-eabi/9.2.1/thumb/v7e-m/nofp/crtbegin.o
 .bss           0x000000002000045c       0x2c out/pingpong.o
                0x000000002000045c                State
                0x000000002000045d                txdone
                0x000000002000045e                count
                0x000000002000045f                RssiValue
                0x0000000020000460                SnrValue
                0x0000000020000461                rxdone
                0x0000000020000464                ChipId
 .bss           0x0000000020000488        0x1 out/main.o
                0x0000000020000488                gss
 .bss           0x0000000020000489        0x1 out/tremo_delay.o
 *fill*         0x000000002000048a        0x6 
 .bss           0x0000000020000490       0x11 out/timer.o
                0x00000000200004a0                HasLoopedThroughMain
 *fill*         0x00000000200004a1        0x3 
 .bss           0x00000000200004a4       0x16 out/radio.o
                0x00000000200004a8                IrqFired
                0x00000000200004ac                TxTimeout
                0x00000000200004b0                RxContinuous
                0x00000000200004b4                RxTimeout
 *fill*         0x00000000200004ba        0x2 
 .bss           0x00000000200004bc        0x8 out/sx126x.o
                0x00000000200004c0                FrequencyError
 .bss           0x00000000200004c4        0x9 out/rtc-board.o
                0x00000000200004c8                McuWakeUpTime
                0x00000000200004cc                NonScheduledWakeUp
 .bss           0x00000000200004cd        0x1 out/sx1262-board.o
                0x00000000200004cd                gPaOptSetting
 *(.bss*)
 *(COMMON)
 COMMON         0x00000000200004ce        0x5 out/pingpong.o
                0x00000000200004ce                sensor_information
                0x00000000200004d0                getstatusnode
 *fill*         0x00000000200004d3        0x1 
 COMMON         0x00000000200004d4      0x190 out/radio.o
                0x00000000200004d4                irqRegs
                0x00000000200004d8                SX126x
                0x0000000020000514                TxTimeoutTimer
                0x0000000020000528                RadioRxPayload
                0x0000000020000628                CadTimeoutTimer
                0x000000002000063c                RadioPktStatus
                0x0000000020000650                RxTimeoutTimer
 *fill*         0x0000000020000664        0x4 
 COMMON         0x0000000020000668       0x18 out/rtc-board.o
                0x0000000020000668                RtcCalendarContext
                0x0000000020000678                RtcTimerContext
                0x0000000020000680                . = ALIGN (0x4)
                0x0000000020000680                _ebss = .
                0x0000000020000680                __bss_end__ = _ebss

.heap           0x0000000020000680        0x0 load address 0x000000000800571c
                0x0000000020000680                . = ALIGN (0x4)
                0x0000000020000680                _heap_bottom = .
                0x0000000020000680                end = _heap_bottom
                0x0000000020000680                _end = end
                0x0000000020000680                __end = end
                0x0000000020000680                . = (. + _HEAP_SIZE)
                0x0000000020000680                _heap_top = .

.stack          0x0000000020000680     0x1000 load address 0x000000000800571c
                0x0000000020000680                . = ALIGN (0x4)
                0x0000000020000680                _stack_bottom = .
                0x0000000020001680                . = (. + _STACK_SIZE)
 *fill*         0x0000000020000680     0x1000 
                0x0000000020001680                _stack_top = .

/DISCARD/
 libc.a(*)
 libm.a(*)
 libgcc.a(*)

.ARM.attributes
                0x0000000000000000       0x2e
 *(.ARM.attributes)
 .ARM.attributes
                0x0000000000000000       0x1e /usr/lib/gcc/arm-none-eabi/9.2.1/thumb/v7e-m/nofp/crti.o
 .ARM.attributes
                0x000000000000001e       0x2e /usr/lib/gcc/arm-none-eabi/9.2.1/thumb/v7e-m/nofp/crtbegin.o
 .ARM.attributes
                0x000000000000004c       0x32 out/tremo_it.o
 .ARM.attributes
                0x000000000000007e       0x32 out/pingpong.o
 .ARM.attributes
                0x00000000000000b0       0x32 out/main.o
 .ARM.attributes
                0x00000000000000e2       0x32 out/printf-stdarg.o
 .ARM.attributes
                0x0000000000000114       0x32 out/system_cm4.o
 .ARM.attributes
                0x0000000000000146       0x32 out/tremo_uart.o
 .ARM.attributes
                0x0000000000000178       0x32 out/tremo_gpio.o
 .ARM.attributes
                0x00000000000001aa       0x32 out/tremo_system.o
 .ARM.attributes
                0x00000000000001dc       0x32 out/tremo_timer.o
 .ARM.attributes
                0x000000000000020e       0x32 out/tremo_delay.o
 .ARM.attributes
                0x0000000000000240       0x32 out/tremo_rtc.o
 .ARM.attributes
                0x0000000000000272       0x32 out/tremo_pwr.o
 .ARM.attributes
                0x00000000000002a4       0x32 out/tremo_rcc.o
 .ARM.attributes
                0x00000000000002d6       0x32 out/delay.o
 .ARM.attributes
                0x0000000000000308       0x32 out/timer.o
 .ARM.attributes
                0x000000000000033a       0x32 out/radio.o
 .ARM.attributes
                0x000000000000036c       0x32 out/sx126x.o
 .ARM.attributes
                0x000000000000039e       0x32 out/utilities.o
 .ARM.attributes
                0x00000000000003d0       0x32 out/rtc-board.o
 .ARM.attributes
                0x0000000000000402       0x32 out/sx1262-board.o
 .ARM.attributes
                0x0000000000000434       0x21 out/startup_cm4.o
 .ARM.attributes
                0x0000000000000455       0x1e /usr/lib/gcc/arm-none-eabi/9.2.1/thumb/v7e-m/nofp/libgcc.a(_arm_addsubdf3.o)
 .ARM.attributes
                0x0000000000000473       0x1e /usr/lib/gcc/arm-none-eabi/9.2.1/thumb/v7e-m/nofp/libgcc.a(_arm_muldivdf3.o)
 .ARM.attributes
                0x0000000000000491       0x1e /usr/lib/gcc/arm-none-eabi/9.2.1/thumb/v7e-m/nofp/libgcc.a(_arm_cmpdf2.o)
 .ARM.attributes
                0x00000000000004af       0x1e /usr/lib/gcc/arm-none-eabi/9.2.1/thumb/v7e-m/nofp/libgcc.a(_arm_fixdfsi.o)
 .ARM.attributes
                0x00000000000004cd       0x1e /usr/lib/gcc/arm-none-eabi/9.2.1/thumb/v7e-m/nofp/libgcc.a(_arm_fixunsdfsi.o)
 .ARM.attributes
                0x00000000000004eb       0x1e /usr/lib/gcc/arm-none-eabi/9.2.1/thumb/v7e-m/nofp/libgcc.a(_aeabi_uldivmod.o)
 .ARM.attributes
                0x0000000000000509       0x2e /usr/lib/gcc/arm-none-eabi/9.2.1/thumb/v7e-m/nofp/libgcc.a(_fixunsdfdi.o)
 .ARM.attributes
                0x0000000000000537       0x2e /usr/lib/gcc/arm-none-eabi/9.2.1/thumb/v7e-m/nofp/libgcc.a(_udivmoddi4.o)
 .ARM.attributes
                0x0000000000000565       0x1e /usr/lib/gcc/arm-none-eabi/9.2.1/thumb/v7e-m/nofp/libgcc.a(_dvmd_tls.o)
 .ARM.attributes
                0x0000000000000583       0x2e /usr/lib/gcc/arm-none-eabi/9.2.1/../../../arm-none-eabi/lib/thumb/v7e-m/nofp/libc.a(lib_a-atexit.o)
 .ARM.attributes
                0x00000000000005b1       0x2e /usr/lib/gcc/arm-none-eabi/9.2.1/../../../arm-none-eabi/lib/thumb/v7e-m/nofp/libc.a(lib_a-fini.o)
 .ARM.attributes
                0x00000000000005df       0x2e /usr/lib/gcc/arm-none-eabi/9.2.1/../../../arm-none-eabi/lib/thumb/v7e-m/nofp/libc.a(lib_a-impure.o)
 .ARM.attributes
                0x000000000000060d       0x2e /usr/lib/gcc/arm-none-eabi/9.2.1/../../../arm-none-eabi/lib/thumb/v7e-m/nofp/libc.a(lib_a-init.o)
 .ARM.attributes
                0x000000000000063b       0x1c /usr/lib/gcc/arm-none-eabi/9.2.1/../../../arm-none-eabi/lib/thumb/v7e-m/nofp/libc.a(lib_a-memcpy.o)
 .ARM.attributes
                0x0000000000000657       0x2e /usr/lib/gcc/arm-none-eabi/9.2.1/../../../arm-none-eabi/lib/thumb/v7e-m/nofp/libc.a(lib_a-memset.o)
 .ARM.attributes
                0x0000000000000685       0x2e /usr/lib/gcc/arm-none-eabi/9.2.1/../../../arm-none-eabi/lib/thumb/v7e-m/nofp/libc.a(lib_a-strncmp.o)
 .ARM.attributes
                0x00000000000006b3       0x2e /usr/lib/gcc/arm-none-eabi/9.2.1/../../../arm-none-eabi/lib/thumb/v7e-m/nofp/libc.a(lib_a-__atexit.o)
 .ARM.attributes
                0x00000000000006e1       0x2e /usr/lib/gcc/arm-none-eabi/9.2.1/../../../arm-none-eabi/lib/thumb/v7e-m/nofp/libc.a(lib_a-__call_atexit.o)
 .ARM.attributes
                0x000000000000070f       0x2e /usr/lib/gcc/arm-none-eabi/9.2.1/thumb/v7e-m/nofp/crtend.o
 .ARM.attributes
                0x000000000000073d       0x1e /usr/lib/gcc/arm-none-eabi/9.2.1/thumb/v7e-m/nofp/crtn.o
OUTPUT(out/gateway_development_final.elf elf32-littlearm)
LOAD linker stubs
LOAD /usr/lib/gcc/arm-none-eabi/9.2.1/../../../arm-none-eabi/lib/thumb/v7e-m/nofp/libc.a
LOAD /usr/lib/gcc/arm-none-eabi/9.2.1/../../../arm-none-eabi/lib/thumb/v7e-m/nofp/libm.a
LOAD /usr/lib/gcc/arm-none-eabi/9.2.1/thumb/v7e-m/nofp/libgcc.a

.comment        0x0000000000000000       0xa7
 .comment       0x0000000000000000       0x59 /usr/lib/gcc/arm-none-eabi/9.2.1/thumb/v7e-m/nofp/crtbegin.o
                                         0x5a (size before relaxing)
 .comment       0x0000000000000059       0x5a out/tremo_it.o
 .comment       0x0000000000000059       0x5a out/pingpong.o
 .comment       0x0000000000000059       0x5a out/main.o
 .comment       0x0000000000000059       0x5a out/printf-stdarg.o
 .comment       0x0000000000000059       0x5a out/system_cm4.o
 .comment       0x0000000000000059       0x5a out/tremo_uart.o
 .comment       0x0000000000000059       0x5a out/tremo_gpio.o
 .comment       0x0000000000000059       0x5a out/tremo_system.o
 .comment       0x0000000000000059       0x5a out/tremo_timer.o
 .comment       0x0000000000000059       0x5a out/tremo_delay.o
 .comment       0x0000000000000059       0x5a out/tremo_rtc.o
 .comment       0x0000000000000059       0x5a out/tremo_pwr.o
 .comment       0x0000000000000059       0x5a out/tremo_rcc.o
 .comment       0x0000000000000059       0x5a out/delay.o
 .comment       0x0000000000000059       0x5a out/timer.o
 .comment       0x0000000000000059       0x5a out/radio.o
 .comment       0x0000000000000059       0x5a out/sx126x.o
 .comment       0x0000000000000059       0x5a out/utilities.o
 .comment       0x0000000000000059       0x5a out/rtc-board.o
 .comment       0x0000000000000059       0x5a out/sx1262-board.o
 .comment       0x0000000000000059       0x5a /usr/lib/gcc/arm-none-eabi/9.2.1/thumb/v7e-m/nofp/libgcc.a(_fixunsdfdi.o)
 .comment       0x0000000000000059       0x5a /usr/lib/gcc/arm-none-eabi/9.2.1/thumb/v7e-m/nofp/libgcc.a(_udivmoddi4.o)
 .comment       0x0000000000000059       0x4e /usr/lib/gcc/arm-none-eabi/9.2.1/../../../arm-none-eabi/lib/thumb/v7e-m/nofp/libc.a(lib_a-atexit.o)
                                         0x4f (size before relaxing)
 .comment       0x00000000000000a7       0x4f /usr/lib/gcc/arm-none-eabi/9.2.1/../../../arm-none-eabi/lib/thumb/v7e-m/nofp/libc.a(lib_a-fini.o)
 .comment       0x00000000000000a7       0x4f /usr/lib/gcc/arm-none-eabi/9.2.1/../../../arm-none-eabi/lib/thumb/v7e-m/nofp/libc.a(lib_a-impure.o)
 .comment       0x00000000000000a7       0x4f /usr/lib/gcc/arm-none-eabi/9.2.1/../../../arm-none-eabi/lib/thumb/v7e-m/nofp/libc.a(lib_a-init.o)
 .comment       0x00000000000000a7       0x4f /usr/lib/gcc/arm-none-eabi/9.2.1/../../../arm-none-eabi/lib/thumb/v7e-m/nofp/libc.a(lib_a-memset.o)
 .comment       0x00000000000000a7       0x4f /usr/lib/gcc/arm-none-eabi/9.2.1/../../../arm-none-eabi/lib/thumb/v7e-m/nofp/libc.a(lib_a-strncmp.o)
 .comment       0x00000000000000a7       0x4f /usr/lib/gcc/arm-none-eabi/9.2.1/../../../arm-none-eabi/lib/thumb/v7e-m/nofp/libc.a(lib_a-__atexit.o)
 .comment       0x00000000000000a7       0x4f /usr/lib/gcc/arm-none-eabi/9.2.1/../../../arm-none-eabi/lib/thumb/v7e-m/nofp/libc.a(lib_a-__call_atexit.o)
 .comment       0x00000000000000a7       0x5a /usr/lib/gcc/arm-none-eabi/9.2.1/thumb/v7e-m/nofp/crtend.o

.debug_line     0x0000000000000000     0x1a54
 .debug_line    0x0000000000000000      0x186 /usr/lib/gcc/arm-none-eabi/9.2.1/thumb/v7e-m/nofp/libgcc.a(_arm_addsubdf3.o)
 .debug_line    0x0000000000000186      0x19b /usr/lib/gcc/arm-none-eabi/9.2.1/thumb/v7e-m/nofp/libgcc.a(_arm_muldivdf3.o)
 .debug_line    0x0000000000000321       0xbd /usr/lib/gcc/arm-none-eabi/9.2.1/thumb/v7e-m/nofp/libgcc.a(_arm_cmpdf2.o)
 .debug_line    0x00000000000003de       0x79 /usr/lib/gcc/arm-none-eabi/9.2.1/thumb/v7e-m/nofp/libgcc.a(_arm_fixdfsi.o)
 .debug_line    0x0000000000000457       0x75 /usr/lib/gcc/arm-none-eabi/9.2.1/thumb/v7e-m/nofp/libgcc.a(_arm_fixunsdfsi.o)
 .debug_line    0x00000000000004cc       0x60 /usr/lib/gcc/arm-none-eabi/9.2.1/thumb/v7e-m/nofp/libgcc.a(_aeabi_uldivmod.o)
 .debug_line    0x000000000000052c      0x133 /usr/lib/gcc/arm-none-eabi/9.2.1/thumb/v7e-m/nofp/libgcc.a(_fixunsdfdi.o)
 .debug_line    0x000000000000065f      0x610 /usr/lib/gcc/arm-none-eabi/9.2.1/thumb/v7e-m/nofp/libgcc.a(_udivmoddi4.o)
 .debug_line    0x0000000000000c6f       0x60 /usr/lib/gcc/arm-none-eabi/9.2.1/thumb/v7e-m/nofp/libgcc.a(_dvmd_tls.o)
 .debug_line    0x0000000000000ccf      0x14a /usr/lib/gcc/arm-none-eabi/9.2.1/../../../arm-none-eabi/lib/thumb/v7e-m/nofp/libc.a(lib_a-atexit.o)
 .debug_line    0x0000000000000e19       0xd7 /usr/lib/gcc/arm-none-eabi/9.2.1/../../../arm-none-eabi/lib/thumb/v7e-m/nofp/libc.a(lib_a-fini.o)
 .debug_line    0x0000000000000ef0       0xe3 /usr/lib/gcc/arm-none-eabi/9.2.1/../../../arm-none-eabi/lib/thumb/v7e-m/nofp/libc.a(lib_a-impure.o)
 .debug_line    0x0000000000000fd3      0x10d /usr/lib/gcc/arm-none-eabi/9.2.1/../../../arm-none-eabi/lib/thumb/v7e-m/nofp/libc.a(lib_a-init.o)
 .debug_line    0x00000000000010e0       0xbe /usr/lib/gcc/arm-none-eabi/9.2.1/../../../arm-none-eabi/lib/thumb/v7e-m/nofp/libc.a(lib_a-memcpy.o)
 .debug_line    0x000000000000119e      0x26b /usr/lib/gcc/arm-none-eabi/9.2.1/../../../arm-none-eabi/lib/thumb/v7e-m/nofp/libc.a(lib_a-memset.o)
 .debug_line    0x0000000000001409      0x232 /usr/lib/gcc/arm-none-eabi/9.2.1/../../../arm-none-eabi/lib/thumb/v7e-m/nofp/libc.a(lib_a-strncmp.o)
 .debug_line    0x000000000000163b      0x1e1 /usr/lib/gcc/arm-none-eabi/9.2.1/../../../arm-none-eabi/lib/thumb/v7e-m/nofp/libc.a(lib_a-__atexit.o)
 .debug_line    0x000000000000181c      0x238 /usr/lib/gcc/arm-none-eabi/9.2.1/../../../arm-none-eabi/lib/thumb/v7e-m/nofp/libc.a(lib_a-__call_atexit.o)

.debug_info     0x0000000000000000     0x59d5
 .debug_info    0x0000000000000000       0x26 /usr/lib/gcc/arm-none-eabi/9.2.1/thumb/v7e-m/nofp/libgcc.a(_arm_addsubdf3.o)
 .debug_info    0x0000000000000026       0x26 /usr/lib/gcc/arm-none-eabi/9.2.1/thumb/v7e-m/nofp/libgcc.a(_arm_muldivdf3.o)
 .debug_info    0x000000000000004c       0x26 /usr/lib/gcc/arm-none-eabi/9.2.1/thumb/v7e-m/nofp/libgcc.a(_arm_cmpdf2.o)
 .debug_info    0x0000000000000072       0x26 /usr/lib/gcc/arm-none-eabi/9.2.1/thumb/v7e-m/nofp/libgcc.a(_arm_fixdfsi.o)
 .debug_info    0x0000000000000098       0x26 /usr/lib/gcc/arm-none-eabi/9.2.1/thumb/v7e-m/nofp/libgcc.a(_arm_fixunsdfsi.o)
 .debug_info    0x00000000000000be       0x26 /usr/lib/gcc/arm-none-eabi/9.2.1/thumb/v7e-m/nofp/libgcc.a(_aeabi_uldivmod.o)
 .debug_info    0x00000000000000e4      0x96d /usr/lib/gcc/arm-none-eabi/9.2.1/thumb/v7e-m/nofp/libgcc.a(_fixunsdfdi.o)
 .debug_info    0x0000000000000a51      0xd7c /usr/lib/gcc/arm-none-eabi/9.2.1/thumb/v7e-m/nofp/libgcc.a(_udivmoddi4.o)
 .debug_info    0x00000000000017cd       0x26 /usr/lib/gcc/arm-none-eabi/9.2.1/thumb/v7e-m/nofp/libgcc.a(_dvmd_tls.o)
 .debug_info    0x00000000000017f3      0x995 /usr/lib/gcc/arm-none-eabi/9.2.1/../../../arm-none-eabi/lib/thumb/v7e-m/nofp/libc.a(lib_a-atexit.o)
 .debug_info    0x0000000000002188      0x102 /usr/lib/gcc/arm-none-eabi/9.2.1/../../../arm-none-eabi/lib/thumb/v7e-m/nofp/libc.a(lib_a-fini.o)
 .debug_info    0x000000000000228a      0x92a /usr/lib/gcc/arm-none-eabi/9.2.1/../../../arm-none-eabi/lib/thumb/v7e-m/nofp/libc.a(lib_a-impure.o)
 .debug_info    0x0000000000002bb4      0x11a /usr/lib/gcc/arm-none-eabi/9.2.1/../../../arm-none-eabi/lib/thumb/v7e-m/nofp/libc.a(lib_a-init.o)
 .debug_info    0x0000000000002cce       0x26 /usr/lib/gcc/arm-none-eabi/9.2.1/../../../arm-none-eabi/lib/thumb/v7e-m/nofp/libc.a(lib_a-memcpy.o)
 .debug_info    0x0000000000002cf4      0xf21 /usr/lib/gcc/arm-none-eabi/9.2.1/../../../arm-none-eabi/lib/thumb/v7e-m/nofp/libc.a(lib_a-memset.o)
 .debug_info    0x0000000000003c15      0x995 /usr/lib/gcc/arm-none-eabi/9.2.1/../../../arm-none-eabi/lib/thumb/v7e-m/nofp/libc.a(lib_a-strncmp.o)
 .debug_info    0x00000000000045aa      0x9d5 /usr/lib/gcc/arm-none-eabi/9.2.1/../../../arm-none-eabi/lib/thumb/v7e-m/nofp/libc.a(lib_a-__atexit.o)
 .debug_info    0x0000000000004f7f      0xa56 /usr/lib/gcc/arm-none-eabi/9.2.1/../../../arm-none-eabi/lib/thumb/v7e-m/nofp/libc.a(lib_a-__call_atexit.o)

.debug_abbrev   0x0000000000000000     0x1239
 .debug_abbrev  0x0000000000000000       0x14 /usr/lib/gcc/arm-none-eabi/9.2.1/thumb/v7e-m/nofp/libgcc.a(_arm_addsubdf3.o)
 .debug_abbrev  0x0000000000000014       0x14 /usr/lib/gcc/arm-none-eabi/9.2.1/thumb/v7e-m/nofp/libgcc.a(_arm_muldivdf3.o)
 .debug_abbrev  0x0000000000000028       0x14 /usr/lib/gcc/arm-none-eabi/9.2.1/thumb/v7e-m/nofp/libgcc.a(_arm_cmpdf2.o)
 .debug_abbrev  0x000000000000003c       0x14 /usr/lib/gcc/arm-none-eabi/9.2.1/thumb/v7e-m/nofp/libgcc.a(_arm_fixdfsi.o)
 .debug_abbrev  0x0000000000000050       0x14 /usr/lib/gcc/arm-none-eabi/9.2.1/thumb/v7e-m/nofp/libgcc.a(_arm_fixunsdfsi.o)
 .debug_abbrev  0x0000000000000064       0x14 /usr/lib/gcc/arm-none-eabi/9.2.1/thumb/v7e-m/nofp/libgcc.a(_aeabi_uldivmod.o)
 .debug_abbrev  0x0000000000000078      0x14f /usr/lib/gcc/arm-none-eabi/9.2.1/thumb/v7e-m/nofp/libgcc.a(_fixunsdfdi.o)
 .debug_abbrev  0x00000000000001c7      0x1c2 /usr/lib/gcc/arm-none-eabi/9.2.1/thumb/v7e-m/nofp/libgcc.a(_udivmoddi4.o)
 .debug_abbrev  0x0000000000000389       0x14 /usr/lib/gcc/arm-none-eabi/9.2.1/thumb/v7e-m/nofp/libgcc.a(_dvmd_tls.o)
 .debug_abbrev  0x000000000000039d      0x232 /usr/lib/gcc/arm-none-eabi/9.2.1/../../../arm-none-eabi/lib/thumb/v7e-m/nofp/libc.a(lib_a-atexit.o)
 .debug_abbrev  0x00000000000005cf       0xcf /usr/lib/gcc/arm-none-eabi/9.2.1/../../../arm-none-eabi/lib/thumb/v7e-m/nofp/libc.a(lib_a-fini.o)
 .debug_abbrev  0x000000000000069e      0x1b8 /usr/lib/gcc/arm-none-eabi/9.2.1/../../../arm-none-eabi/lib/thumb/v7e-m/nofp/libc.a(lib_a-impure.o)
 .debug_abbrev  0x0000000000000856       0xcc /usr/lib/gcc/arm-none-eabi/9.2.1/../../../arm-none-eabi/lib/thumb/v7e-m/nofp/libc.a(lib_a-init.o)
 .debug_abbrev  0x0000000000000922       0x14 /usr/lib/gcc/arm-none-eabi/9.2.1/../../../arm-none-eabi/lib/thumb/v7e-m/nofp/libc.a(lib_a-memcpy.o)
 .debug_abbrev  0x0000000000000936      0x217 /usr/lib/gcc/arm-none-eabi/9.2.1/../../../arm-none-eabi/lib/thumb/v7e-m/nofp/libc.a(lib_a-memset.o)
 .debug_abbrev  0x0000000000000b4d      0x1e8 /usr/lib/gcc/arm-none-eabi/9.2.1/../../../arm-none-eabi/lib/thumb/v7e-m/nofp/libc.a(lib_a-strncmp.o)
 .debug_abbrev  0x0000000000000d35      0x252 /usr/lib/gcc/arm-none-eabi/9.2.1/../../../arm-none-eabi/lib/thumb/v7e-m/nofp/libc.a(lib_a-__atexit.o)
 .debug_abbrev  0x0000000000000f87      0x2b2 /usr/lib/gcc/arm-none-eabi/9.2.1/../../../arm-none-eabi/lib/thumb/v7e-m/nofp/libc.a(lib_a-__call_atexit.o)

.debug_aranges  0x0000000000000000      0x240
 .debug_aranges
                0x0000000000000000       0x20 /usr/lib/gcc/arm-none-eabi/9.2.1/thumb/v7e-m/nofp/libgcc.a(_arm_addsubdf3.o)
 .debug_aranges
                0x0000000000000020       0x20 /usr/lib/gcc/arm-none-eabi/9.2.1/thumb/v7e-m/nofp/libgcc.a(_arm_muldivdf3.o)
 .debug_aranges
                0x0000000000000040       0x20 /usr/lib/gcc/arm-none-eabi/9.2.1/thumb/v7e-m/nofp/libgcc.a(_arm_cmpdf2.o)
 .debug_aranges
                0x0000000000000060       0x20 /usr/lib/gcc/arm-none-eabi/9.2.1/thumb/v7e-m/nofp/libgcc.a(_arm_fixdfsi.o)
 .debug_aranges
                0x0000000000000080       0x20 /usr/lib/gcc/arm-none-eabi/9.2.1/thumb/v7e-m/nofp/libgcc.a(_arm_fixunsdfsi.o)
 .debug_aranges
                0x00000000000000a0       0x20 /usr/lib/gcc/arm-none-eabi/9.2.1/thumb/v7e-m/nofp/libgcc.a(_aeabi_uldivmod.o)
 .debug_aranges
                0x00000000000000c0       0x20 /usr/lib/gcc/arm-none-eabi/9.2.1/thumb/v7e-m/nofp/libgcc.a(_fixunsdfdi.o)
 .debug_aranges
                0x00000000000000e0       0x20 /usr/lib/gcc/arm-none-eabi/9.2.1/thumb/v7e-m/nofp/libgcc.a(_udivmoddi4.o)
 .debug_aranges
                0x0000000000000100       0x20 /usr/lib/gcc/arm-none-eabi/9.2.1/thumb/v7e-m/nofp/libgcc.a(_dvmd_tls.o)
 .debug_aranges
                0x0000000000000120       0x20 /usr/lib/gcc/arm-none-eabi/9.2.1/../../../arm-none-eabi/lib/thumb/v7e-m/nofp/libc.a(lib_a-atexit.o)
 .debug_aranges
                0x0000000000000140       0x20 /usr/lib/gcc/arm-none-eabi/9.2.1/../../../arm-none-eabi/lib/thumb/v7e-m/nofp/libc.a(lib_a-fini.o)
 .debug_aranges
                0x0000000000000160       0x18 /usr/lib/gcc/arm-none-eabi/9.2.1/../../../arm-none-eabi/lib/thumb/v7e-m/nofp/libc.a(lib_a-impure.o)
 .debug_aranges
                0x0000000000000178       0x20 /usr/lib/gcc/arm-none-eabi/9.2.1/../../../arm-none-eabi/lib/thumb/v7e-m/nofp/libc.a(lib_a-init.o)
 .debug_aranges
                0x0000000000000198       0x20 /usr/lib/gcc/arm-none-eabi/9.2.1/../../../arm-none-eabi/lib/thumb/v7e-m/nofp/libc.a(lib_a-memcpy.o)
 .debug_aranges
                0x00000000000001b8       0x20 /usr/lib/gcc/arm-none-eabi/9.2.1/../../../arm-none-eabi/lib/thumb/v7e-m/nofp/libc.a(lib_a-memset.o)
 .debug_aranges
                0x00000000000001d8       0x20 /usr/lib/gcc/arm-none-eabi/9.2.1/../../../arm-none-eabi/lib/thumb/v7e-m/nofp/libc.a(lib_a-strncmp.o)
 .debug_aranges
                0x00000000000001f8       0x20 /usr/lib/gcc/arm-none-eabi/9.2.1/../../../arm-none-eabi/lib/thumb/v7e-m/nofp/libc.a(lib_a-__atexit.o)
 .debug_aranges
                0x0000000000000218       0x28 /usr/lib/gcc/arm-none-eabi/9.2.1/../../../arm-none-eabi/lib/thumb/v7e-m/nofp/libc.a(lib_a-__call_atexit.o)

.debug_str      0x0000000000000000     0x1ed5
 .debug_str     0x0000000000000000       0xa5 /usr/lib/gcc/arm-none-eabi/9.2.1/thumb/v7e-m/nofp/libgcc.a(_arm_addsubdf3.o)
 .debug_str     0x00000000000000a5       0xa5 /usr/lib/gcc/arm-none-eabi/9.2.1/thumb/v7e-m/nofp/libgcc.a(_arm_muldivdf3.o)
 .debug_str     0x00000000000000a5       0xa5 /usr/lib/gcc/arm-none-eabi/9.2.1/thumb/v7e-m/nofp/libgcc.a(_arm_cmpdf2.o)
 .debug_str     0x00000000000000a5       0xa5 /usr/lib/gcc/arm-none-eabi/9.2.1/thumb/v7e-m/nofp/libgcc.a(_arm_fixdfsi.o)
 .debug_str     0x00000000000000a5       0xa5 /usr/lib/gcc/arm-none-eabi/9.2.1/thumb/v7e-m/nofp/libgcc.a(_arm_fixunsdfsi.o)
 .debug_str     0x00000000000000a5       0x2c /usr/lib/gcc/arm-none-eabi/9.2.1/thumb/v7e-m/nofp/libgcc.a(_aeabi_uldivmod.o)
                                         0xa0 (size before relaxing)
 .debug_str     0x00000000000000d1     0x10fb /usr/lib/gcc/arm-none-eabi/9.2.1/thumb/v7e-m/nofp/libgcc.a(_fixunsdfdi.o)
                                       0x1193 (size before relaxing)
 .debug_str     0x00000000000011cc      0x11c /usr/lib/gcc/arm-none-eabi/9.2.1/thumb/v7e-m/nofp/libgcc.a(_udivmoddi4.o)
                                       0x11e0 (size before relaxing)
 .debug_str     0x00000000000012e8       0x30 /usr/lib/gcc/arm-none-eabi/9.2.1/thumb/v7e-m/nofp/libgcc.a(_dvmd_tls.o)
                                         0xa4 (size before relaxing)
 .debug_str     0x0000000000001318      0x514 /usr/lib/gcc/arm-none-eabi/9.2.1/../../../arm-none-eabi/lib/thumb/v7e-m/nofp/libc.a(lib_a-atexit.o)
                                        0x5e5 (size before relaxing)
 .debug_str     0x000000000000182c       0xc5 /usr/lib/gcc/arm-none-eabi/9.2.1/../../../arm-none-eabi/lib/thumb/v7e-m/nofp/libc.a(lib_a-fini.o)
                                        0x1f4 (size before relaxing)
 .debug_str     0x00000000000018f1       0x98 /usr/lib/gcc/arm-none-eabi/9.2.1/../../../arm-none-eabi/lib/thumb/v7e-m/nofp/libc.a(lib_a-impure.o)
                                        0x59a (size before relaxing)
 .debug_str     0x0000000000001989       0x96 /usr/lib/gcc/arm-none-eabi/9.2.1/../../../arm-none-eabi/lib/thumb/v7e-m/nofp/libc.a(lib_a-init.o)
                                        0x21e (size before relaxing)
 .debug_str     0x0000000000001a1f       0xa2 /usr/lib/gcc/arm-none-eabi/9.2.1/../../../arm-none-eabi/lib/thumb/v7e-m/nofp/libc.a(lib_a-memcpy.o)
                                         0xae (size before relaxing)
 .debug_str     0x0000000000001ac1      0x314 /usr/lib/gcc/arm-none-eabi/9.2.1/../../../arm-none-eabi/lib/thumb/v7e-m/nofp/libc.a(lib_a-memset.o)
                                        0x8c7 (size before relaxing)
 .debug_str     0x0000000000001dd5       0x3d /usr/lib/gcc/arm-none-eabi/9.2.1/../../../arm-none-eabi/lib/thumb/v7e-m/nofp/libc.a(lib_a-strncmp.o)
                                        0x5a0 (size before relaxing)
 .debug_str     0x0000000000001e12       0x4f /usr/lib/gcc/arm-none-eabi/9.2.1/../../../arm-none-eabi/lib/thumb/v7e-m/nofp/libc.a(lib_a-__atexit.o)
                                        0x603 (size before relaxing)
 .debug_str     0x0000000000001e61       0x74 /usr/lib/gcc/arm-none-eabi/9.2.1/../../../arm-none-eabi/lib/thumb/v7e-m/nofp/libc.a(lib_a-__call_atexit.o)
                                        0x616 (size before relaxing)

.debug_frame    0x0000000000000000      0x41c
 .debug_frame   0x0000000000000000       0xac /usr/lib/gcc/arm-none-eabi/9.2.1/thumb/v7e-m/nofp/libgcc.a(_arm_addsubdf3.o)
 .debug_frame   0x00000000000000ac       0x50 /usr/lib/gcc/arm-none-eabi/9.2.1/thumb/v7e-m/nofp/libgcc.a(_arm_muldivdf3.o)
 .debug_frame   0x00000000000000fc       0xc4 /usr/lib/gcc/arm-none-eabi/9.2.1/thumb/v7e-m/nofp/libgcc.a(_arm_cmpdf2.o)
 .debug_frame   0x00000000000001c0       0x24 /usr/lib/gcc/arm-none-eabi/9.2.1/thumb/v7e-m/nofp/libgcc.a(_arm_fixdfsi.o)
 .debug_frame   0x00000000000001e4       0x24 /usr/lib/gcc/arm-none-eabi/9.2.1/thumb/v7e-m/nofp/libgcc.a(_arm_fixunsdfsi.o)
 .debug_frame   0x0000000000000208       0x2c /usr/lib/gcc/arm-none-eabi/9.2.1/thumb/v7e-m/nofp/libgcc.a(_aeabi_uldivmod.o)
 .debug_frame   0x0000000000000234       0x2c /usr/lib/gcc/arm-none-eabi/9.2.1/thumb/v7e-m/nofp/libgcc.a(_fixunsdfdi.o)
 .debug_frame   0x0000000000000260       0x34 /usr/lib/gcc/arm-none-eabi/9.2.1/thumb/v7e-m/nofp/libgcc.a(_udivmoddi4.o)
 .debug_frame   0x0000000000000294       0x20 /usr/lib/gcc/arm-none-eabi/9.2.1/../../../arm-none-eabi/lib/thumb/v7e-m/nofp/libc.a(lib_a-atexit.o)
 .debug_frame   0x00000000000002b4       0x34 /usr/lib/gcc/arm-none-eabi/9.2.1/../../../arm-none-eabi/lib/thumb/v7e-m/nofp/libc.a(lib_a-fini.o)
 .debug_frame   0x00000000000002e8       0x2c /usr/lib/gcc/arm-none-eabi/9.2.1/../../../arm-none-eabi/lib/thumb/v7e-m/nofp/libc.a(lib_a-init.o)
 .debug_frame   0x0000000000000314       0x38 /usr/lib/gcc/arm-none-eabi/9.2.1/../../../arm-none-eabi/lib/thumb/v7e-m/nofp/libc.a(lib_a-memset.o)
 .debug_frame   0x000000000000034c       0x48 /usr/lib/gcc/arm-none-eabi/9.2.1/../../../arm-none-eabi/lib/thumb/v7e-m/nofp/libc.a(lib_a-strncmp.o)
 .debug_frame   0x0000000000000394       0x38 /usr/lib/gcc/arm-none-eabi/9.2.1/../../../arm-none-eabi/lib/thumb/v7e-m/nofp/libc.a(lib_a-__atexit.o)
 .debug_frame   0x00000000000003cc       0x50 /usr/lib/gcc/arm-none-eabi/9.2.1/../../../arm-none-eabi/lib/thumb/v7e-m/nofp/libc.a(lib_a-__call_atexit.o)

.debug_loc      0x0000000000000000     0x181a
 .debug_loc     0x0000000000000000       0xad /usr/lib/gcc/arm-none-eabi/9.2.1/thumb/v7e-m/nofp/libgcc.a(_fixunsdfdi.o)
 .debug_loc     0x00000000000000ad      0xf8a /usr/lib/gcc/arm-none-eabi/9.2.1/thumb/v7e-m/nofp/libgcc.a(_udivmoddi4.o)
 .debug_loc     0x0000000000001037       0x32 /usr/lib/gcc/arm-none-eabi/9.2.1/../../../arm-none-eabi/lib/thumb/v7e-m/nofp/libc.a(lib_a-atexit.o)
 .debug_loc     0x0000000000001069       0x68 /usr/lib/gcc/arm-none-eabi/9.2.1/../../../arm-none-eabi/lib/thumb/v7e-m/nofp/libc.a(lib_a-fini.o)
 .debug_loc     0x00000000000010d1       0xba /usr/lib/gcc/arm-none-eabi/9.2.1/../../../arm-none-eabi/lib/thumb/v7e-m/nofp/libc.a(lib_a-init.o)
 .debug_loc     0x000000000000118b      0x231 /usr/lib/gcc/arm-none-eabi/9.2.1/../../../arm-none-eabi/lib/thumb/v7e-m/nofp/libc.a(lib_a-memset.o)
 .debug_loc     0x00000000000013bc      0x1dc /usr/lib/gcc/arm-none-eabi/9.2.1/../../../arm-none-eabi/lib/thumb/v7e-m/nofp/libc.a(lib_a-strncmp.o)
 .debug_loc     0x0000000000001598      0x138 /usr/lib/gcc/arm-none-eabi/9.2.1/../../../arm-none-eabi/lib/thumb/v7e-m/nofp/libc.a(lib_a-__atexit.o)
 .debug_loc     0x00000000000016d0      0x14a /usr/lib/gcc/arm-none-eabi/9.2.1/../../../arm-none-eabi/lib/thumb/v7e-m/nofp/libc.a(lib_a-__call_atexit.o)

.debug_ranges   0x0000000000000000      0x100
 .debug_ranges  0x0000000000000000       0xc8 /usr/lib/gcc/arm-none-eabi/9.2.1/thumb/v7e-m/nofp/libgcc.a(_udivmoddi4.o)
 .debug_ranges  0x00000000000000c8       0x38 /usr/lib/gcc/arm-none-eabi/9.2.1/../../../arm-none-eabi/lib/thumb/v7e-m/nofp/libc.a(lib_a-__call_atexit.o)
